<html>
<body>
<pre>
<h1>µVision Build Log</h1>
<h2>Project:</h2>
D:\MyPROG\LSD_SLAM\STM\USB_FirstTest\Projects\MDK-ARM\USB_FirstTest.uvproj
Project File Date:  05/15/2015

<h2>Output:</h2>
Rebuild target 'USB_FirstTest Configuration'
assembling startup_stm32f407xx.s...
compiling gpio.c...
compiling main.c...
compiling stm32f4xx_it.c...
compiling tim.c...
compiling usb_device.c...
compiling usbd_conf.c...
compiling usbd_desc.c...
compiling usbd_cdc_if.c...
compiling system_stm32f4xx.c...
compiling stm32f4xx_hal.c...
compiling stm32f4xx_hal_cortex.c...
compiling stm32f4xx_hal_dma.c...
compiling stm32f4xx_hal_dma_ex.c...
compiling stm32f4xx_hal_flash.c...
compiling stm32f4xx_hal_flash_ex.c...
compiling stm32f4xx_hal_flash_ramfunc.c...
compiling stm32f4xx_hal_gpio.c...
compiling stm32f4xx_hal_pcd.c...
compiling stm32f4xx_hal_pcd_ex.c...
compiling stm32f4xx_hal_pwr.c...
compiling stm32f4xx_hal_pwr_ex.c...
compiling stm32f4xx_hal_rcc.c...
compiling stm32f4xx_hal_rcc_ex.c...
compiling stm32f4xx_hal_tim.c...
compiling stm32f4xx_hal_tim_ex.c...
compiling stm32f4xx_ll_usb.c...
compiling usbd_core.c...
compiling usbd_ctlreq.c...
compiling usbd_ioreq.c...
compiling usbd_cdc.c...
linking...
Program Size: Code=10852 RO-data=440 RW-data=380 ZI-data=4628  
"USB_FirstTest Configuration\USB_FirstTest Configuration.axf" - 0 Error(s), 0 Warning(s).
Load "USB_FirstTest Configuration\\USB_FirstTest Configuration.axf" 
Error: Flash Download failed  -  Target DLL has been cancelled
Load "USB_FirstTest Configuration\\USB_FirstTest Configuration.axf" 
Erase Done.
Programming Done.
Verify OK.
Application running ...
