ARM Linker, 5.03 [Build 76] [MDK-ARM Professional]

==============================================================================

Section Cross References

    gpio.o(i.MX_GPIO_Init) refers to stm32f4xx_hal_gpio.o(i.HAL_GPIO_Init) for HAL_GPIO_Init
    gpio.o(i.MX_GPIO_Init) refers to stm32f4xx_hal_cortex.o(i.HAL_NVIC_SetPriorityGrouping) for HAL_NVIC_SetPriorityGrouping
    gpio.o(i.MX_GPIO_Init) refers to stm32f4xx_hal_cortex.o(i.HAL_NVIC_SetPriority) for HAL_NVIC_SetPriority
    gpio.o(i.MX_GPIO_Init) refers to stm32f4xx_hal_cortex.o(i.HAL_NVIC_EnableIRQ) for HAL_NVIC_EnableIRQ
    main.o(i.ACCELERO_IO_Read) refers to stm32f4xx_hal_gpio.o(i.HAL_GPIO_WritePin) for HAL_GPIO_WritePin
    main.o(i.ACCELERO_IO_Read) refers to main.o(i.SPIx_WriteRead) for SPIx_WriteRead
    main.o(i.ACCELERO_IO_Write) refers to stm32f4xx_hal_gpio.o(i.HAL_GPIO_WritePin) for HAL_GPIO_WritePin
    main.o(i.ACCELERO_IO_Write) refers to main.o(i.SPIx_WriteRead) for SPIx_WriteRead
    main.o(i.HAL_TIM_PeriodElapsedCallback) refers to stm32f4xx_hal_gpio.o(i.HAL_GPIO_TogglePin) for HAL_GPIO_TogglePin
    main.o(i.HAL_TIM_PeriodElapsedCallback) refers to stm32f4_discovery_accelerometer.o(i.BSP_ACCELERO_GetXYZ) for BSP_ACCELERO_GetXYZ
    main.o(i.HAL_TIM_PeriodElapsedCallback) refers to usbd_cdc_if.o(i.CDC_Transmit_FS) for CDC_Transmit_FS
    main.o(i.HAL_TIM_PeriodElapsedCallback) refers to main.o(.data) for .data
    main.o(i.SPIx_WriteRead) refers to stm32f4xx_hal_spi.o(i.HAL_SPI_TransmitReceive) for HAL_SPI_TransmitReceive
    main.o(i.SPIx_WriteRead) refers to spi.o(.bss) for hspi1
    main.o(i.SystemClock_Config) refers to stm32f4xx_hal_rcc.o(i.HAL_RCC_OscConfig) for HAL_RCC_OscConfig
    main.o(i.SystemClock_Config) refers to stm32f4xx_hal_rcc.o(i.HAL_RCC_ClockConfig) for HAL_RCC_ClockConfig
    main.o(i.main) refers to stm32f4xx_hal.o(i.HAL_Init) for HAL_Init
    main.o(i.main) refers to main.o(i.SystemClock_Config) for SystemClock_Config
    main.o(i.main) refers to stm32f4xx_hal_cortex.o(i.HAL_NVIC_SetPriorityGrouping) for HAL_NVIC_SetPriorityGrouping
    main.o(i.main) refers to stm32f4xx_hal_cortex.o(i.HAL_NVIC_SetPriority) for HAL_NVIC_SetPriority
    main.o(i.main) refers to gpio.o(i.MX_GPIO_Init) for MX_GPIO_Init
    main.o(i.main) refers to spi.o(i.MX_SPI1_Init) for MX_SPI1_Init
    main.o(i.main) refers to tim.o(i.MX_TIM7_Init) for MX_TIM7_Init
    main.o(i.main) refers to usb_device.o(i.MX_USB_DEVICE_Init) for MX_USB_DEVICE_Init
    main.o(i.main) refers to spi.o(i.HAL_SPI_MspInit) for HAL_SPI_MspInit
    main.o(i.main) refers to stm32f4_discovery_accelerometer.o(i.BSP_ACCELERO_Init) for BSP_ACCELERO_Init
    main.o(i.main) refers to stm32f4xx_hal_tim.o(i.HAL_TIM_Base_Start_IT) for HAL_TIM_Base_Start_IT
    main.o(i.main) refers to main.o(.data) for .data
    main.o(i.main) refers to spi.o(.bss) for hspi1
    main.o(i.main) refers to tim.o(.bss) for htim7
    stm32f4xx_it.o(i.EXTI0_IRQHandler) refers to stm32f4xx_hal_cortex.o(i.HAL_NVIC_ClearPendingIRQ) for HAL_NVIC_ClearPendingIRQ
    stm32f4xx_it.o(i.EXTI0_IRQHandler) refers to stm32f4xx_hal_gpio.o(i.HAL_GPIO_EXTI_IRQHandler) for HAL_GPIO_EXTI_IRQHandler
    stm32f4xx_it.o(i.EXTI1_IRQHandler) refers to stm32f4xx_hal_cortex.o(i.HAL_NVIC_ClearPendingIRQ) for HAL_NVIC_ClearPendingIRQ
    stm32f4xx_it.o(i.EXTI1_IRQHandler) refers to stm32f4xx_hal_gpio.o(i.HAL_GPIO_EXTI_IRQHandler) for HAL_GPIO_EXTI_IRQHandler
    stm32f4xx_it.o(i.OTG_FS_IRQHandler) refers to stm32f4xx_hal_cortex.o(i.HAL_NVIC_ClearPendingIRQ) for HAL_NVIC_ClearPendingIRQ
    stm32f4xx_it.o(i.OTG_FS_IRQHandler) refers to stm32f4xx_hal_pcd.o(i.HAL_PCD_IRQHandler) for HAL_PCD_IRQHandler
    stm32f4xx_it.o(i.OTG_FS_IRQHandler) refers to usbd_conf.o(.bss) for hpcd_USB_OTG_FS
    stm32f4xx_it.o(i.SysTick_Handler) refers to stm32f4xx_hal.o(i.HAL_IncTick) for HAL_IncTick
    stm32f4xx_it.o(i.SysTick_Handler) refers to stm32f4xx_hal_cortex.o(i.HAL_SYSTICK_IRQHandler) for HAL_SYSTICK_IRQHandler
    stm32f4xx_it.o(i.TIM7_IRQHandler) refers to stm32f4xx_hal_cortex.o(i.HAL_NVIC_ClearPendingIRQ) for HAL_NVIC_ClearPendingIRQ
    stm32f4xx_it.o(i.TIM7_IRQHandler) refers to stm32f4xx_hal_tim.o(i.HAL_TIM_IRQHandler) for HAL_TIM_IRQHandler
    stm32f4xx_it.o(i.TIM7_IRQHandler) refers to tim.o(.bss) for htim7
    tim.o(i.HAL_TIM_Base_MspDeInit) refers to stm32f4xx_hal_cortex.o(i.HAL_NVIC_DisableIRQ) for HAL_NVIC_DisableIRQ
    tim.o(i.HAL_TIM_Base_MspInit) refers to stm32f4xx_hal_cortex.o(i.HAL_NVIC_SetPriorityGrouping) for HAL_NVIC_SetPriorityGrouping
    tim.o(i.HAL_TIM_Base_MspInit) refers to stm32f4xx_hal_cortex.o(i.HAL_NVIC_SetPriority) for HAL_NVIC_SetPriority
    tim.o(i.HAL_TIM_Base_MspInit) refers to stm32f4xx_hal_cortex.o(i.HAL_NVIC_EnableIRQ) for HAL_NVIC_EnableIRQ
    tim.o(i.MX_TIM7_Init) refers to stm32f4xx_hal_tim.o(i.HAL_TIM_Base_Init) for HAL_TIM_Base_Init
    tim.o(i.MX_TIM7_Init) refers to stm32f4xx_hal_tim_ex.o(i.HAL_TIMEx_MasterConfigSynchronization) for HAL_TIMEx_MasterConfigSynchronization
[...]
    ..\\..\\Src\\main.c                      0x00000000   Number         0  main.o ABSOLUTE
    ..\\..\\Src\\spi.c                       0x00000000   Number         0  spi.o ABSOLUTE
    ..\\..\\Src\\stm32f4xx_it.c              0x00000000   Number         0  stm32f4xx_it.o ABSOLUTE
    ..\\..\\Src\\tim.c                       0x00000000   Number         0  tim.o ABSOLUTE
    ..\\..\\Src\\usb_device.c                0x00000000   Number         0  usb_device.o ABSOLUTE
    ..\\..\\Src\\usbd_cdc_if.c               0x00000000   Number         0  usbd_cdc_if.o ABSOLUTE
    ..\\..\\Src\\usbd_conf.c                 0x00000000   Number         0  usbd_conf.o ABSOLUTE
    ..\\..\\Src\\usbd_desc.c                 0x00000000   Number         0  usbd_desc.o ABSOLUTE
    dc.s                                     0x00000000   Number         0  dc.o ABSOLUTE
    handlers.s                               0x00000000   Number         0  handlers.o ABSOLUTE
    init.s                                   0x00000000   Number         0  init.o ABSOLUTE
    RESET                                    0x08000000   Section      392  startup_stm32f407xx.o(RESET)
    .ARM.Collect$$$$00000000                 0x08000188   Section        0  entry.o(.ARM.Collect$$$$00000000)
    .ARM.Collect$$$$00000001                 0x08000188   Section        4  entry2.o(.ARM.Collect$$$$00000001)
    .ARM.Collect$$$$00000004                 0x0800018c   Section        4  entry5.o(.ARM.Collect$$$$00000004)
    .ARM.Collect$$$$00000008                 0x08000190   Section        0  entry7b.o(.ARM.Collect$$$$00000008)
    .ARM.Collect$$$$0000000A                 0x08000190   Section        0  entry8b.o(.ARM.Collect$$$$0000000A)
    .ARM.Collect$$$$0000000B                 0x08000190   Section        8  entry9a.o(.ARM.Collect$$$$0000000B)
    .ARM.Collect$$$$0000000D                 0x08000198   Section        0  entry10a.o(.ARM.Collect$$$$0000000D)
    .ARM.Collect$$$$0000000F                 0x08000198   Section        0  entry11a.o(.ARM.Collect$$$$0000000F)
    .ARM.Collect$$$$00002712                 0x08000198   Section        4  entry2.o(.ARM.Collect$$$$00002712)
    __lit__00000000                          0x08000198   Data           4  entry2.o(.ARM.Collect$$$$00002712)
    .text                                    0x0800019c   Section       36  startup_stm32f407xx.o(.text)
    $v0                                      0x0800019c   Number         0  startup_stm32f407xx.o(.text)
    .text                                    0x080001c0   Section        0  memcpya.o(.text)
    .text                                    0x080001e4   Section       36  init.o(.text)
    .text                                    0x08000208   Section        0  __dczerorl2.o(.text)
    i.ACCELERO_IO_Read                       0x08000264   Section        0  main.o(i.ACCELERO_IO_Read)
    i.ACCELERO_IO_Write                      0x080002b4   Section        0  main.o(i.ACCELERO_IO_Write)
    i.BSP_ACCELERO_GetXYZ                    0x080002fc   Section        0  stm32f4_discovery_accelerometer.o(i.BSP_ACCELERO_GetXYZ)
    i.BSP_ACCELERO_Init                      0x0800032c   Section        0  stm32f4_discovery_accelerometer.o(i.BSP_ACCELERO_Init)
    i.CDC_Control_FS                         0x08000374   Section        0  usbd_cdc_if.o(i.CDC_Control_FS)
    CDC_Control_FS                           0x08000375   Thumb Code     4  usbd_cdc_if.o(i.CDC_Control_FS)
    i.CDC_DeInit_FS                          0x08000378   Section        0  usbd_cdc_if.o(i.CDC_DeInit_FS)
    CDC_DeInit_FS                            0x08000379   Thumb Code     4  usbd_cdc_if.o(i.CDC_DeInit_FS)
    i.CDC_Init_FS                            0x0800037c   Section        0  usbd_cdc_if.o(i.CDC_Init_FS)
    CDC_Init_FS                              0x0800037d   Thumb Code    30  usbd_cdc_if.o(i.CDC_Init_FS)
    i.CDC_Receive_FS                         0x080003a8   Section        0  usbd_cdc_if.o(i.CDC_Receive_FS)
    CDC_Receive_FS                           0x080003a9   Thumb Code    12  usbd_cdc_if.o(i.CDC_Receive_FS)
    i.CDC_Transmit_FS                        0x080003b8   Section        0  usbd_cdc_if.o(i.CDC_Transmit_FS)
    i.EXTI0_IRQHandler                       0x080003ec   Section        0  stm32f4xx_it.o(i.EXTI0_IRQHandler)
    i.EXTI1_IRQHandler                       0x080003fe   Section        0  stm32f4xx_it.o(i.EXTI1_IRQHandler)
    i.HAL_Delay                              0x08000410   Section        0  stm32f4xx_hal.o(i.HAL_Delay)
    i.HAL_GPIO_EXTI_Callback                 0x08000426   Section        0  stm32f4xx_hal_gpio.o(i.HAL_GPIO_EXTI_Callback)
    i.HAL_GPIO_EXTI_IRQHandler               0x08000428   Section        0  stm32f4xx_hal_gpio.o(i.HAL_GPIO_EXTI_IRQHandler)
    i.HAL_GPIO_Init                          0x08000440   Section        0  stm32f4xx_hal_gpio.o(i.HAL_GPIO_Init)
    i.HAL_GPIO_TogglePin                     0x08000608   Section        0  stm32f4xx_hal_gpio.o(i.HAL_GPIO_TogglePin)
    i.HAL_GPIO_WritePin                      0x08000610   Section        0  stm32f4xx_hal_gpio.o(i.HAL_GPIO_WritePin)
    i.HAL_GetTick                            0x0800061c   Section        0  stm32f4xx_hal.o(i.HAL_GetTick)
    i.HAL_IncTick                            0x08000628   Section        0  stm32f4xx_hal.o(i.HAL_IncTick)
    i.HAL_Init                               0x08000638   Section        0  stm32f4xx_hal.o(i.HAL_Init)
    i.HAL_InitTick                           0x0800066c   Section        0  stm32f4xx_hal.o(i.HAL_InitTick)
    i.HAL_MspInit                            0x0800068e   Section        0  stm32f4xx_hal.o(i.HAL_MspInit)
    i.HAL_NVIC_ClearPendingIRQ               0x08000690   Section        0  stm32f4xx_hal_cortex.o(i.HAL_NVIC_ClearPendingIRQ)
    i.HAL_NVIC_EnableIRQ                     0x080006a8   Section        0  stm32f4xx_hal_cortex.o(i.HAL_NVIC_EnableIRQ)
    i.HAL_NVIC_SetPriority                   0x080006c0   Section        0  stm32f4xx_hal_cortex.o(i.HAL_NVIC_SetPriority)
    i.HAL_NVIC_SetPriorityGrouping           0x08000700   Section        0  stm32f4xx_hal_cortex.o(i.HAL_NVIC_SetPriorityGrouping)
    i.HAL_PCDEx_SetRxFiFo                    0x08000724   Section        0  stm32f4xx_hal_pcd_ex.o(i.HAL_PCDEx_SetRxFiFo)
    i.HAL_PCDEx_SetTxFiFo                    0x0800072c   Section        0  stm32f4xx_hal_pcd_ex.o(i.HAL_PCDEx_SetTxFiFo)
    i.HAL_PCD_ConnectCallback                0x08000770   Section        0  usbd_conf.o(i.HAL_PCD_ConnectCallback)
    i.HAL_PCD_DataInStageCallback            0x08000778   Section        0  usbd_conf.o(i.HAL_PCD_DataInStageCallback)
    i.HAL_PCD_DataOutStageCallback           0x0800078a   Section        0  usbd_conf.o(i.HAL_PCD_DataOutStageCallback)
    i.HAL_PCD_DisconnectCallback             0x0800079e   Section        0  usbd_conf.o(i.HAL_PCD_DisconnectCallback)
    i.HAL_PCD_EP_Close                       0x080007a6   Section        0  stm32f4xx_hal_pcd.o(i.HAL_PCD_EP_Close)
    i.HAL_PCD_EP_ClrStall                    0x080007ea   Section        0  stm32f4xx_hal_pcd.o(i.HAL_PCD_EP_ClrStall)
    i.HAL_PCD_EP_GetRxCount                  0x0800083a   Section        0  stm32f4xx_hal_pcd.o(i.HAL_PCD_EP_GetRxCount)
    i.HAL_PCD_EP_Open                        0x0800084e   Section        0  stm32f4xx_hal_pcd.o(i.HAL_PCD_EP_Open)
    i.HAL_PCD_EP_Receive                     0x080008a2   Section        0  stm32f4xx_hal_pcd.o(i.HAL_PCD_EP_Receive)
    i.HAL_PCD_EP_SetStall                    0x080008f8   Section        0  stm32f4xx_hal_pcd.o(i.HAL_PCD_EP_SetStall)
    i.HAL_PCD_EP_Transmit                    0x08000958   Section        0  stm32f4xx_hal_pcd.o(i.HAL_PCD_EP_Transmit)
    i.HAL_PCD_IRQHandler                     0x080009b0   Section        0  stm32f4xx_hal_pcd.o(i.HAL_PCD_IRQHandler)
    i.HAL_PCD_ISOINIncompleteCallback        0x08000d9e   Section        0  usbd_conf.o(i.HAL_PCD_ISOINIncompleteCallback)
    i.HAL_PCD_ISOOUTIncompleteCallback       0x08000da6   Section        0  usbd_conf.o(i.HAL_PCD_ISOOUTIncompleteCallback)
    i.HAL_PCD_Init                           0x08000dae   Section        0  stm32f4xx_hal_pcd.o(i.HAL_PCD_Init)
    i.HAL_PCD_MspInit                        0x08000e68   Section        0  usbd_conf.o(i.HAL_PCD_MspInit)
    i.HAL_PCD_ResetCallback                  0x08000edc   Section        0  usbd_conf.o(i.HAL_PCD_ResetCallback)
    i.HAL_PCD_ResumeCallback                 0x08000efc   Section        0  usbd_conf.o(i.HAL_PCD_ResumeCallback)
    i.HAL_PCD_SOFCallback                    0x08000f04   Section        0  usbd_conf.o(i.HAL_PCD_SOFCallback)
    i.HAL_PCD_SetAddress                     0x08000f0c   Section        0  stm32f4xx_hal_pcd.o(i.HAL_PCD_SetAddress)
    i.HAL_PCD_SetupStageCallback             0x08000f30   Section        0  usbd_conf.o(i.HAL_PCD_SetupStageCallback)
    i.HAL_PCD_Start                          0x08000f3e   Section        0  stm32f4xx_hal_pcd.o(i.HAL_PCD_Start)
    i.HAL_PCD_SuspendCallback                0x08000f68   Section        0  usbd_conf.o(i.HAL_PCD_SuspendCallback)
    i.HAL_RCC_ClockConfig                    0x08000f70   Section        0  stm32f4xx_hal_rcc.o(i.HAL_RCC_ClockConfig)
    i.HAL_RCC_GetHCLKFreq                    0x08001128   Section        0  stm32f4xx_hal_rcc.o(i.HAL_RCC_GetHCLKFreq)
    i.HAL_RCC_GetSysClockFreq                0x0800115c   Section        0  stm32f4xx_hal_rcc.o(i.HAL_RCC_GetSysClockFreq)
    i.HAL_RCC_OscConfig                      0x080011e0   Section        0  stm32f4xx_hal_rcc.o(i.HAL_RCC_OscConfig)
    i.HAL_SPI_Init                           0x08001518   Section        0  stm32f4xx_hal_spi.o(i.HAL_SPI_Init)
    i.HAL_SPI_MspInit                        0x0800159c   Section        0  spi.o(i.HAL_SPI_MspInit)
    i.HAL_SPI_TransmitReceive                0x080015dc   Section        0  stm32f4xx_hal_spi.o(i.HAL_SPI_TransmitReceive)
    i.HAL_SYSTICK_Callback                   0x0800188a   Section        0  stm32f4xx_hal_cortex.o(i.HAL_SYSTICK_Callback)
    i.HAL_SYSTICK_Config                     0x0800188c   Section        0  stm32f4xx_hal_cortex.o(i.HAL_SYSTICK_Config)
    i.HAL_SYSTICK_IRQHandler                 0x080018b4   Section        0  stm32f4xx_hal_cortex.o(i.HAL_SYSTICK_IRQHandler)
    i.HAL_TIMEx_BreakCallback                0x080018bc   Section        0  stm32f4xx_hal_tim_ex.o(i.HAL_TIMEx_BreakCallback)
    i.HAL_TIMEx_CommutationCallback          0x080018be   Section        0  stm32f4xx_hal_tim_ex.o(i.HAL_TIMEx_CommutationCallback)
    i.HAL_TIMEx_MasterConfigSynchronization  0x080018c0   Section        0  stm32f4xx_hal_tim_ex.o(i.HAL_TIMEx_MasterConfigSynchronization)
    i.HAL_TIM_Base_Init                      0x08001910   Section        0  stm32f4xx_hal_tim.o(i.HAL_TIM_Base_Init)
    i.HAL_TIM_Base_MspInit                   0x08001940   Section        0  tim.o(i.HAL_TIM_Base_MspInit)
    i.HAL_TIM_Base_Start_IT                  0x08001978   Section        0  stm32f4xx_hal_tim.o(i.HAL_TIM_Base_Start_IT)
    i.HAL_TIM_IC_CaptureCallback             0x08001990   Section        0  stm32f4xx_hal_tim.o(i.HAL_TIM_IC_CaptureCallback)
    i.HAL_TIM_IRQHandler                     0x08001992   Section        0  stm32f4xx_hal_tim.o(i.HAL_TIM_IRQHandler)
    i.HAL_TIM_OC_DelayElapsedCallback        0x08001af8   Section        0  stm32f4xx_hal_tim.o(i.HAL_TIM_OC_DelayElapsedCallback)
    i.HAL_TIM_PWM_PulseFinishedCallback      0x08001afa   Section        0  stm32f4xx_hal_tim.o(i.HAL_TIM_PWM_PulseFinishedCallback)
    i.HAL_TIM_PeriodElapsedCallback          0x08001afc   Section        0  main.o(i.HAL_TIM_PeriodElapsedCallback)
    i.HAL_TIM_TriggerCallback                0x08001b24   Section        0  stm32f4xx_hal_tim.o(i.HAL_TIM_TriggerCallback)
    i.LIS302DL_Click_IntClear                0x08001b26   Section        0  lis302dl.o(i.LIS302DL_Click_IntClear)
    i.LIS302DL_Click_IntConfig               0x08001b44   Section        0  lis302dl.o(i.LIS302DL_Click_IntConfig)
    i.LIS302DL_FilterConfig                  0x08001be4   Section        0  lis302dl.o(i.LIS302DL_FilterConfig)
    i.LIS302DL_Init                          0x08001c12   Section        0  lis302dl.o(i.LIS302DL_Init)
    i.LIS302DL_InterruptConfig               0x08001c24   Section        0  lis302dl.o(i.LIS302DL_InterruptConfig)
    i.LIS302DL_ReadACC                       0x08001c54   Section        0  lis302dl.o(i.LIS302DL_ReadACC)
    i.LIS302DL_ReadID                        0x08001cba   Section        0  lis302dl.o(i.LIS302DL_ReadID)
    i.LIS302DL_RebootCmd                     0x08001cd2   Section        0  lis302dl.o(i.LIS302DL_RebootCmd)
    i.LIS3DSH_Click_IntConfig                0x08001cf6   Section        0  lis3dsh.o(i.LIS3DSH_Click_IntConfig)
    i.LIS3DSH_Init                           0x08001dc4   Section        0  lis3dsh.o(i.LIS3DSH_Init)
    i.LIS3DSH_InterruptConfig                0x08001de8   Section        0  lis3dsh.o(i.LIS3DSH_InterruptConfig)
    i.LIS3DSH_ReadACC                        0x08001e34   Section        0  lis3dsh.o(i.LIS3DSH_ReadACC)
    i.LIS3DSH_ReadID                         0x08001f10   Section        0  lis3dsh.o(i.LIS3DSH_ReadID)
    i.LIS3DSH_RebootCmd                      0x08001f28   Section        0  lis3dsh.o(i.LIS3DSH_RebootCmd)
    i.MX_GPIO_Init                           0x08001f4c   Section        0  gpio.o(i.MX_GPIO_Init)
    i.MX_SPI1_Init                           0x08001fe0   Section        0  spi.o(i.MX_SPI1_Init)
    i.MX_TIM7_Init                           0x08002014   Section        0  tim.o(i.MX_TIM7_Init)
    i.MX_USB_DEVICE_Init                     0x08002044   Section        0  usb_device.o(i.MX_USB_DEVICE_Init)
    i.NVIC_SetPriority                       0x0800207c   Section        0  stm32f4xx_hal_cortex.o(i.NVIC_SetPriority)
    NVIC_SetPriority                         0x0800207d   Thumb Code    22  stm32f4xx_hal_cortex.o(i.NVIC_SetPriority)
    i.OTG_FS_IRQHandler                      0x0800209c   Section        0  stm32f4xx_it.o(i.OTG_FS_IRQHandler)
    i.PCD_WriteEmptyTxFifo                   0x080020b4   Section        0  stm32f4xx_hal_pcd.o(i.PCD_WriteEmptyTxFifo)
    PCD_WriteEmptyTxFifo                     0x080020b5   Thumb Code   152  stm32f4xx_hal_pcd.o(i.PCD_WriteEmptyTxFifo)
    i.SPI_WaitOnFlagUntilTimeout             0x0800214c   Section        0  stm32f4xx_hal_spi.o(i.SPI_WaitOnFlagUntilTimeout)
    SPI_WaitOnFlagUntilTimeout               0x0800214d   Thumb Code   158  stm32f4xx_hal_spi.o(i.SPI_WaitOnFlagUntilTimeout)
    i.SPIx_WriteRead                         0x080021ec   Section        0  main.o(i.SPIx_WriteRead)
    SPIx_WriteRead                           0x080021ed   Thumb Code    34  main.o(i.SPIx_WriteRead)
    i.SysTick_Handler                        0x08002214   Section        0  stm32f4xx_it.o(i.SysTick_Handler)
    i.SystemClock_Config                     0x08002224   Section        0  main.o(i.SystemClock_Config)
    i.SystemInit                             0x08002288   Section        0  system_stm32f4xx.o(i.SystemInit)
    i.TIM7_IRQHandler                        0x080022dc   Section        0  stm32f4xx_it.o(i.TIM7_IRQHandler)
    i.TIM_Base_SetConfig                     0x080022f4   Section        0  stm32f4xx_hal_tim.o(i.TIM_Base_SetConfig)
    i.USBD_CDC_DataIn                        0x080023b4   Section        0  usbd_cdc.o(i.USBD_CDC_DataIn)
    USBD_CDC_DataIn                          0x080023b5   Thumb Code    20  usbd_cdc.o(i.USBD_CDC_DataIn)
    i.USBD_CDC_DataOut                       0x080023c8   Section        0  usbd_cdc.o(i.USBD_CDC_DataOut)
    USBD_CDC_DataOut                         0x080023c9   Thumb Code    46  usbd_cdc.o(i.USBD_CDC_DataOut)
    i.USBD_CDC_DeInit                        0x080023f6   Section        0  usbd_cdc.o(i.USBD_CDC_DeInit)
    USBD_CDC_DeInit                          0x080023f7   Thumb Code    58  usbd_cdc.o(i.USBD_CDC_DeInit)
    i.USBD_CDC_EP0_RxReady                   0x08002430   Section        0  usbd_cdc.o(i.USBD_CDC_EP0_RxReady)
    USBD_CDC_EP0_RxReady                     0x08002431   Thumb Code    36  usbd_cdc.o(i.USBD_CDC_EP0_RxReady)
    i.USBD_CDC_GetDeviceQualifierDescriptor  0x08002454   Section        0  usbd_cdc.o(i.USBD_CDC_GetDeviceQualifierDescriptor)
    i.USBD_CDC_GetFSCfgDesc                  0x08002460   Section        0  usbd_cdc.o(i.USBD_CDC_GetFSCfgDesc)
    USBD_CDC_GetFSCfgDesc                    0x08002461   Thumb Code     8  usbd_cdc.o(i.USBD_CDC_GetFSCfgDesc)
    i.USBD_CDC_GetHSCfgDesc                  0x0800246c   Section        0  usbd_cdc.o(i.USBD_CDC_GetHSCfgDesc)
    USBD_CDC_GetHSCfgDesc                    0x0800246d   Thumb Code     8  usbd_cdc.o(i.USBD_CDC_GetHSCfgDesc)
    i.USBD_CDC_GetOtherSpeedCfgDesc          0x08002478   Section        0  usbd_cdc.o(i.USBD_CDC_GetOtherSpeedCfgDesc)
    USBD_CDC_GetOtherSpeedCfgDesc            0x08002479   Thumb Code     8  usbd_cdc.o(i.USBD_CDC_GetOtherSpeedCfgDesc)
    i.USBD_CDC_Init                          0x08002484   Section        0  usbd_cdc.o(i.USBD_CDC_Init)
    USBD_CDC_Init                            0x08002485   Thumb Code   136  usbd_cdc.o(i.USBD_CDC_Init)
    i.USBD_CDC_ReceivePacket                 0x0800250c   Section        0  usbd_cdc.o(i.USBD_CDC_ReceivePacket)
    i.USBD_CDC_RegisterInterface             0x08002534   Section        0  usbd_cdc.o(i.USBD_CDC_RegisterInterface)
    i.USBD_CDC_SetRxBuffer                   0x08002544   Section        0  usbd_cdc.o(i.USBD_CDC_SetRxBuffer)
    i.USBD_CDC_SetTxBuffer                   0x08002550   Section        0  usbd_cdc.o(i.USBD_CDC_SetTxBuffer)
    i.USBD_CDC_Setup                         0x08002560   Section        0  usbd_cdc.o(i.USBD_CDC_Setup)
    USBD_CDC_Setup                           0x08002561   Thumb Code    92  usbd_cdc.o(i.USBD_CDC_Setup)
    i.USBD_CDC_TransmitPacket                0x080025bc   Section        0  usbd_cdc.o(i.USBD_CDC_TransmitPacket)
    i.USBD_ClrClassConfig                    0x080025ea   Section        0  usbd_core.o(i.USBD_ClrClassConfig)
    i.USBD_CtlContinueRx                     0x080025f8   Section        0  usbd_ioreq.o(i.USBD_CtlContinueRx)
    i.USBD_CtlContinueSendData               0x08002608   Section        0  usbd_ioreq.o(i.USBD_CtlContinueSendData)
    i.USBD_CtlError                          0x08002618   Section        0  usbd_ctlreq.o(i.USBD_CtlError)
    i.USBD_CtlPrepareRx                      0x0800262e   Section        0  usbd_ioreq.o(i.USBD_CtlPrepareRx)
    i.USBD_CtlReceiveStatus                  0x0800264c   Section        0  usbd_ioreq.o(i.USBD_CtlReceiveStatus)
    i.USBD_CtlSendData                       0x08002662   Section        0  usbd_ioreq.o(i.USBD_CtlSendData)
    i.USBD_CtlSendStatus                     0x0800267c   Section        0  usbd_ioreq.o(i.USBD_CtlSendStatus)
    i.USBD_FS_ConfigStrDescriptor            0x08002694   Section        0  usbd_desc.o(i.USBD_FS_ConfigStrDescriptor)
    i.USBD_FS_DeviceDescriptor               0x080026b4   Section        0  usbd_desc.o(i.USBD_FS_DeviceDescriptor)
    i.USBD_FS_InterfaceStrDescriptor         0x080026c0   Section        0  usbd_desc.o(i.USBD_FS_InterfaceStrDescriptor)
    i.USBD_FS_LangIDStrDescriptor            0x080026e4   Section        0  usbd_desc.o(i.USBD_FS_LangIDStrDescriptor)
    i.USBD_FS_ManufacturerStrDescriptor      0x080026f0   Section        0  usbd_desc.o(i.USBD_FS_ManufacturerStrDescriptor)
    i.USBD_FS_ProductStrDescriptor           0x08002718   Section        0  usbd_desc.o(i.USBD_FS_ProductStrDescriptor)
    i.USBD_FS_SerialStrDescriptor            0x08002744   Section        0  usbd_desc.o(i.USBD_FS_SerialStrDescriptor)
    i.USBD_GetDescriptor                     0x08002768   Section        0  usbd_ctlreq.o(i.USBD_GetDescriptor)
    USBD_GetDescriptor                       0x08002769   Thumb Code   226  usbd_ctlreq.o(i.USBD_GetDescriptor)
    i.USBD_GetString                         0x0800284a   Section        0  usbd_ctlreq.o(i.USBD_GetString)
    i.USBD_Init                              0x08002890   Section        0  usbd_core.o(i.USBD_Init)
    i.USBD_LL_ClearStallEP                   0x080028ba   Section        0  usbd_conf.o(i.USBD_LL_ClearStallEP)
    i.USBD_LL_CloseEP                        0x080028c8   Section        0  usbd_conf.o(i.USBD_LL_CloseEP)
    i.USBD_LL_DataInStage                    0x080028d6   Section        0  usbd_core.o(i.USBD_LL_DataInStage)
    i.USBD_LL_DataOutStage                   0x08002976   Section        0  usbd_core.o(i.USBD_LL_DataOutStage)
    i.USBD_LL_DevConnected                   0x080029e0   Section        0  usbd_core.o(i.USBD_LL_DevConnected)
    i.USBD_LL_DevDisconnected                0x080029e4   Section        0  usbd_core.o(i.USBD_LL_DevDisconnected)
    i.USBD_LL_GetRxDataSize                  0x080029fa   Section        0  usbd_conf.o(i.USBD_LL_GetRxDataSize)
    i.USBD_LL_Init                           0x08002a04   Section        0  usbd_conf.o(i.USBD_LL_Init)
    i.USBD_LL_IsStallEP                      0x08002a60   Section        0  usbd_conf.o(i.USBD_LL_IsStallEP)
    i.USBD_LL_IsoINIncomplete                0x08002a80   Section        0  usbd_core.o(i.USBD_LL_IsoINIncomplete)
    i.USBD_LL_IsoOUTIncomplete               0x08002a84   Section        0  usbd_core.o(i.USBD_LL_IsoOUTIncomplete)
    i.USBD_LL_OpenEP                         0x08002a88   Section        0  usbd_conf.o(i.USBD_LL_OpenEP)
    i.USBD_LL_PrepareReceive                 0x08002a9c   Section        0  usbd_conf.o(i.USBD_LL_PrepareReceive)
    i.USBD_LL_Reset                          0x08002aaa   Section        0  usbd_core.o(i.USBD_LL_Reset)
    i.USBD_LL_Resume                         0x08002ae8   Section        0  usbd_core.o(i.USBD_LL_Resume)
    i.USBD_LL_SOF                            0x08002af4   Section        0  usbd_core.o(i.USBD_LL_SOF)
    i.USBD_LL_SetSpeed                       0x08002b0c   Section        0  usbd_core.o(i.USBD_LL_SetSpeed)
    i.USBD_LL_SetUSBAddress                  0x08002b12   Section        0  usbd_conf.o(i.USBD_LL_SetUSBAddress)
    i.USBD_LL_SetupStage                     0x08002b20   Section        0  usbd_core.o(i.USBD_LL_SetupStage)
    i.USBD_LL_StallEP                        0x08002b7a   Section        0  usbd_conf.o(i.USBD_LL_StallEP)
    i.USBD_LL_Start                          0x08002b88   Section        0  usbd_conf.o(i.USBD_LL_Start)
    i.USBD_LL_Suspend                        0x08002b96   Section        0  usbd_core.o(i.USBD_LL_Suspend)
    i.USBD_LL_Transmit                       0x08002ba6   Section        0  usbd_conf.o(i.USBD_LL_Transmit)
    i.USBD_ParseSetupRequest                 0x08002bb4   Section        0  usbd_ctlreq.o(i.USBD_ParseSetupRequest)
    i.USBD_RegisterClass                     0x08002bdc   Section        0  usbd_core.o(i.USBD_RegisterClass)
    i.USBD_SetClassConfig                    0x08002bec   Section        0  usbd_core.o(i.USBD_SetClassConfig)
    i.USBD_SetConfig                         0x08002c04   Section        0  usbd_ctlreq.o(i.USBD_SetConfig)
    USBD_SetConfig                           0x08002c05   Thumb Code   110  usbd_ctlreq.o(i.USBD_SetConfig)
    i.USBD_Start                             0x08002c78   Section        0  usbd_core.o(i.USBD_Start)
    i.USBD_StdDevReq                         0x08002c82   Section        0  usbd_ctlreq.o(i.USBD_StdDevReq)
    i.USBD_StdEPReq                          0x08002d84   Section        0  usbd_ctlreq.o(i.USBD_StdEPReq)
    i.USBD_StdItfReq                         0x08002e46   Section        0  usbd_ctlreq.o(i.USBD_StdItfReq)
    i.USB_ActivateEndpoint                   0x08002e7c   Section        0  stm32f4xx_ll_usb.o(i.USB_ActivateEndpoint)
    i.USB_ActivateSetup                      0x08002f00   Section        0  stm32f4xx_ll_usb.o(i.USB_ActivateSetup)
    i.USB_CoreInit                           0x08002f38   Section        0  stm32f4xx_ll_usb.o(i.USB_CoreInit)
    i.USB_CoreReset                          0x08002fa4   Section        0  stm32f4xx_ll_usb.o(i.USB_CoreReset)
    USB_CoreReset                            0x08002fa5   Thumb Code    50  stm32f4xx_ll_usb.o(i.USB_CoreReset)
    i.USB_DeactivateEndpoint                 0x08002fdc   Section        0  stm32f4xx_ll_usb.o(i.USB_DeactivateEndpoint)
    i.USB_DevConnect                         0x0800304a   Section        0  stm32f4xx_ll_usb.o(i.USB_DevConnect)
    i.USB_DevDisconnect                      0x08003064   Section        0  stm32f4xx_ll_usb.o(i.USB_DevDisconnect)
    i.USB_DevInit                            0x08003080   Section        0  stm32f4xx_ll_usb.o(i.USB_DevInit)
    i.USB_DisableGlobalInt                   0x080031c8   Section        0  stm32f4xx_ll_usb.o(i.USB_DisableGlobalInt)
    i.USB_EP0StartXfer                       0x080031d4   Section        0  stm32f4xx_ll_usb.o(i.USB_EP0StartXfer)
    i.USB_EP0_OutStart                       0x0800331c   Section        0  stm32f4xx_ll_usb.o(i.USB_EP0_OutStart)
    i.USB_EPClearStall                       0x08003354   Section        0  stm32f4xx_ll_usb.o(i.USB_EPClearStall)
    i.USB_EPSetStall                         0x080033bc   Section        0  stm32f4xx_ll_usb.o(i.USB_EPSetStall)
    i.USB_EPStartXfer                        0x08003420   Section        0  stm32f4xx_ll_usb.o(i.USB_EPStartXfer)
    i.USB_EnableGlobalInt                    0x08003654   Section        0  stm32f4xx_ll_usb.o(i.USB_EnableGlobalInt)
    i.USB_FlushRxFifo                        0x08003660   Section        0  stm32f4xx_ll_usb.o(i.USB_FlushRxFifo)
    i.USB_FlushTxFifo                        0x08003680   Section        0  stm32f4xx_ll_usb.o(i.USB_FlushTxFifo)
    i.USB_GetDevSpeed                        0x080036a4   Section        0  stm32f4xx_ll_usb.o(i.USB_GetDevSpeed)
    i.USB_GetMode                            0x080036e0   Section        0  stm32f4xx_ll_usb.o(i.USB_GetMode)
    i.USB_ReadDevAllInEpInterrupt            0x080036e8   Section        0  stm32f4xx_ll_usb.o(i.USB_ReadDevAllInEpInterrupt)
    i.USB_ReadDevAllOutEpInterrupt           0x080036f6   Section        0  stm32f4xx_ll_usb.o(i.USB_ReadDevAllOutEpInterrupt)
    i.USB_ReadDevInEPInterrupt               0x08003704   Section        0  stm32f4xx_ll_usb.o(i.USB_ReadDevInEPInterrupt)
    i.USB_ReadDevOutEPInterrupt              0x08003722   Section        0  stm32f4xx_ll_usb.o(i.USB_ReadDevOutEPInterrupt)
    i.USB_ReadInterrupts                     0x08003732   Section        0  stm32f4xx_ll_usb.o(i.USB_ReadInterrupts)
    i.USB_ReadPacket                         0x0800373a   Section        0  stm32f4xx_ll_usb.o(i.USB_ReadPacket)
    i.USB_SetCurrentMode                     0x0800375a   Section        0  stm32f4xx_ll_usb.o(i.USB_SetCurrentMode)
    i.USB_SetDevAddress                      0x08003786   Section        0  stm32f4xx_ll_usb.o(i.USB_SetDevAddress)
    i.USB_SetDevSpeed                        0x080037a6   Section        0  stm32f4xx_ll_usb.o(i.USB_SetDevSpeed)
    i.USB_WritePacket                        0x080037b8   Section        0  stm32f4xx_ll_usb.o(i.USB_WritePacket)
    i.__scatterload_copy                     0x080037e0   Section       14  handlers.o(i.__scatterload_copy)
    i.__scatterload_null                     0x080037ee   Section        2  handlers.o(i.__scatterload_null)
    i.__scatterload_zeroinit                 0x080037f0   Section       14  handlers.o(i.__scatterload_zeroinit)
    i.free                                   0x08003800   Section        0  malloc.o(i.free)
    i.main                                   0x08003850   Section        0  main.o(i.main)
    i.malloc                                 0x080038a0   Section        0  malloc.o(i.malloc)
    .constdata                               0x0800390c   Section       16  stm32f4xx_hal_rcc.o(.constdata)
    .data                                    0x20000000   Section        8  main.o(.data)
    .data                                    0x20000008   Section       28  usbd_desc.o(.data)
    .data                                    0x20000024   Section       22  usbd_desc.o(.data)
    .data                                    0x2000003c   Section       16  usbd_cdc_if.o(.data)
    .data                                    0x2000004c   Section        4  usbd_cdc_if.o(.data)
    .data                                    0x20000050   Section       20  system_stm32f4xx.o(.data)
    .data                                    0x20000064   Section        4  stm32f4xx_hal.o(.data)
    uwTick                                   0x20000064   Data           4  stm32f4xx_hal.o(.data)
    .data                                    0x20000068   Section        1  usbd_ctlreq.o(.data)
    cfgidx                                   0x20000068   Data           1  usbd_ctlreq.o(.data)
    .data                                    0x2000006c   Section      215  usbd_cdc.o(.data)
    USBD_CDC_DeviceQualifierDesc             0x2000006c   Data          10  usbd_cdc.o(.data)
    .data                                    0x20000144   Section       56  usbd_cdc.o(.data)
    .data                                    0x2000017c   Section       44  lis302dl.o(.data)
    .data                                    0x200001a8   Section       44  lis3dsh.o(.data)
    .data                                    0x200001d4   Section        4  stm32f4_discovery_accelerometer.o(.data)
    AcceleroDrv                              0x200001d4   Data           4  stm32f4_discovery_accelerometer.o(.data)
    .data                                    0x200001d8   Section        4  mvars.o(.data)
    .data                                    0x200001dc   Section        4  mvars.o(.data)
    .bss                                     0x200001e0   Section       60  tim.o(.bss)
    .bss                                     0x2000021c   Section      548  usb_device.o(.bss)
    .bss                                     0x20000440   Section      944  usbd_conf.o(.bss)
    .bss                                     0x200007f0   Section      512  usbd_desc.o(.bss)
    .bss                                     0x200009f0   Section      128  usbd_cdc_if.o(.bss)
    .bss                                     0x20000a70   Section       84  spi.o(.bss)
    HEAP                                     0x20000ac8   Section     1024  startup_stm32f407xx.o(HEAP)
    STACK                                    0x20000ec8   Section     1024  startup_stm32f407xx.o(STACK)

    Global Symbols

    Symbol Name                              Value     Ov Type        Size  Object(Section)

    BuildAttributes$$THM_ISAv4$E$P$D$K$B$S$7EM$VFPi3$EXTD16$VFPS$VFMA$PE$A:L22UL41UL21$X:L11$S22US41US21$IEEE1$IW$USESV6$~STKCKD$USESV7$~SHL$OSPACE$EBA8$MICROLIB$REQ8$PRES8$EABIv2 0x00000000   Number         0  anon$$obj.o ABSOLUTE
    __ARM_use_no_argv                        0x00000000   Number         0  main.o ABSOLUTE
    __cpp_initialize__aeabi_                  - Undefined Weak Reference
    __cxa_finalize                            - Undefined Weak Reference
    _clock_init                               - Undefined Weak Reference
    _microlib_exit                            - Undefined Weak Reference
    __Vectors_Size                           0x00000188   Number         0  startup_stm32f407xx.o ABSOLUTE
    __Vectors                                0x08000000   Data           4  startup_stm32f407xx.o(RESET)
    __Vectors_End                            0x08000188   Data           0  startup_stm32f407xx.o(RESET)
    __main                                   0x08000189   Thumb Code     0  entry.o(.ARM.Collect$$$$00000000)
    _main_stk                                0x08000189   Thumb Code     0  entry2.o(.ARM.Collect$$$$00000001)
    _main_scatterload                        0x0800018d   Thumb Code     0  entry5.o(.ARM.Collect$$$$00000004)
    __main_after_scatterload                 0x08000191   Thumb Code     0  entry5.o(.ARM.Collect$$$$00000004)
    _main_clock                              0x08000191   Thumb Code     0  entry7b.o(.ARM.Collect$$$$00000008)
    _main_cpp_init                           0x08000191   Thumb Code     0  entry8b.o(.ARM.Collect$$$$0000000A)
    _main_init                               0x08000191   Thumb Code     0  entry9a.o(.ARM.Collect$$$$0000000B)
    __rt_final_cpp                           0x08000199   Thumb Code     0  entry10a.o(.ARM.Collect$$$$0000000D)
    __rt_final_exit                          0x08000199   Thumb Code     0  entry11a.o(.ARM.Collect$$$$0000000F)
    Reset_Handler                            0x0800019d   Thumb Code     8  startup_stm32f407xx.o(.text)
    NMI_Handler                              0x080001a5   Thumb Code     2  startup_stm32f407xx.o(.text)
    HardFault_Handler                        0x080001a7   Thumb Code     2  startup_stm32f407xx.o(.text)
    MemManage_Handler                        0x080001a9   Thumb Code     2  startup_stm32f407xx.o(.text)
    BusFault_Handler                         0x080001ab   Thumb Code     2  startup_stm32f407xx.o(.text)
    UsageFault_Handler                       0x080001ad   Thumb Code     2  startup_stm32f407xx.o(.text)
    SVC_Handler                              0x080001af   Thumb Code     2  startup_stm32f407xx.o(.text)
    DebugMon_Handler                         0x080001b1   Thumb Code     2  startup_stm32f407xx.o(.text)
    PendSV_Handler                           0x080001b3   Thumb Code     2  startup_stm32f407xx.o(.text)
    ADC_IRQHandler                           0x080001b7   Thumb Code     0  startup_stm32f407xx.o(.text)
    CAN1_RX0_IRQHandler                      0x080001b7   Thumb Code     0  startup_stm32f407xx.o(.text)
    CAN1_RX1_IRQHandler                      0x080001b7   Thumb Code     0  startup_stm32f407xx.o(.text)
    CAN1_SCE_IRQHandler                      0x080001b7   Thumb Code     0  startup_stm32f407xx.o(.text)
    CAN1_TX_IRQHandler                       0x080001b7   Thumb Code     0  startup_stm32f407xx.o(.text)
    CAN2_RX0_IRQHandler                      0x080001b7   Thumb Code     0  startup_stm32f407xx.o(.text)
    CAN2_RX1_IRQHandler                      0x080001b7   Thumb Code     0  startup_stm32f407xx.o(.text)
    CAN2_SCE_IRQHandler                      0x080001b7   Thumb Code     0  startup_stm32f407xx.o(.text)
    CAN2_TX_IRQHandler                       0x080001b7   Thumb Code     0  startup_stm32f407xx.o(.text)
    DCMI_IRQHandler                          0x080001b7   Thumb Code     0  startup_stm32f407xx.o(.text)
    DMA1_Stream0_IRQHandler                  0x080001b7   Thumb Code     0  startup_stm32f407xx.o(.text)
    DMA1_Stream1_IRQHandler                  0x080001b7   Thumb Code     0  startup_stm32f407xx.o(.text)
    DMA1_Stream2_IRQHandler                  0x080001b7   Thumb Code     0  startup_stm32f407xx.o(.text)
    DMA1_Stream3_IRQHandler                  0x080001b7   Thumb Code     0  startup_stm32f407xx.o(.text)
    DMA1_Stream4_IRQHandler                  0x080001b7   Thumb Code     0  startup_stm32f407xx.o(.text)
    DMA1_Stream5_IRQHandler                  0x080001b7   Thumb Code     0  startup_stm32f407xx.o(.text)
    DMA1_Stream6_IRQHandler                  0x080001b7   Thumb Code     0  startup_stm32f407xx.o(.text)
    DMA1_Stream7_IRQHandler                  0x080001b7   Thumb Code     0  startup_stm32f407xx.o(.text)
    DMA2_Stream0_IRQHandler                  0x080001b7   Thumb Code     0  startup_stm32f407xx.o(.text)
    DMA2_Stream1_IRQHandler                  0x080001b7   Thumb Code     0  startup_stm32f407xx.o(.text)
    DMA2_Stream2_IRQHandler                  0x080001b7   Thumb Code     0  startup_stm32f407xx.o(.text)
    DMA2_Stream3_IRQHandler                  0x080001b7   Thumb Code     0  startup_stm32f407xx.o(.text)
    DMA2_Stream4_IRQHandler                  0x080001b7   Thumb Code     0  startup_stm32f407xx.o(.text)
    DMA2_Stream5_IRQHandler                  0x080001b7   Thumb Code     0  startup_stm32f407xx.o(.text)
    DMA2_Stream6_IRQHandler                  0x080001b7   Thumb Code     0  startup_stm32f407xx.o(.text)
    DMA2_Stream7_IRQHandler                  0x080001b7   Thumb Code     0  startup_stm32f407xx.o(.text)
    ETH_IRQHandler                           0x080001b7   Thumb Code     0  startup_stm32f407xx.o(.text)
    ETH_WKUP_IRQHandler                      0x080001b7   Thumb Code     0  startup_stm32f407xx.o(.text)
    EXTI15_10_IRQHandler                     0x080001b7   Thumb Code     0  startup_stm32f407xx.o(.text)
    EXTI2_IRQHandler                         0x080001b7   Thumb Code     0  startup_stm32f407xx.o(.text)
    EXTI3_IRQHandler                         0x080001b7   Thumb Code     0  startup_stm32f407xx.o(.text)
    EXTI4_IRQHandler                         0x080001b7   Thumb Code     0  startup_stm32f407xx.o(.text)
    EXTI9_5_IRQHandler                       0x080001b7   Thumb Code     0  startup_stm32f407xx.o(.text)
    FLASH_IRQHandler                         0x080001b7   Thumb Code     0  startup_stm32f407xx.o(.text)
    FMC_IRQHandler                           0x080001b7   Thumb Code     0  startup_stm32f407xx.o(.text)
    FPU_IRQHandler                           0x080001b7   Thumb Code     0  startup_stm32f407xx.o(.text)
    HASH_RNG_IRQHandler                      0x080001b7   Thumb Code     0  startup_stm32f407xx.o(.text)
    I2C1_ER_IRQHandler                       0x080001b7   Thumb Code     0  startup_stm32f407xx.o(.text)
    I2C1_EV_IRQHandler                       0x080001b7   Thumb Code     0  startup_stm32f407xx.o(.text)
    I2C2_ER_IRQHandler                       0x080001b7   Thumb Code     0  startup_stm32f407xx.o(.text)
    I2C2_EV_IRQHandler                       0x080001b7   Thumb Code     0  startup_stm32f407xx.o(.text)
    I2C3_ER_IRQHandler                       0x080001b7   Thumb Code     0  startup_stm32f407xx.o(.text)
    I2C3_EV_IRQHandler                       0x080001b7   Thumb Code     0  startup_stm32f407xx.o(.text)
    OTG_FS_WKUP_IRQHandler                   0x080001b7   Thumb Code     0  startup_stm32f407xx.o(.text)
    OTG_HS_EP1_IN_IRQHandler                 0x080001b7   Thumb Code     0  startup_stm32f407xx.o(.text)
    OTG_HS_EP1_OUT_IRQHandler                0x080001b7   Thumb Code     0  startup_stm32f407xx.o(.text)
    OTG_HS_IRQHandler                        0x080001b7   Thumb Code     0  startup_stm32f407xx.o(.text)
    OTG_HS_WKUP_IRQHandler                   0x080001b7   Thumb Code     0  startup_stm32f407xx.o(.text)
    PVD_IRQHandler                           0x080001b7   Thumb Code     0  startup_stm32f407xx.o(.text)
    RCC_IRQHandler                           0x080001b7   Thumb Code     0  startup_stm32f407xx.o(.text)
    RTC_Alarm_IRQHandler                     0x080001b7   Thumb Code     0  startup_stm32f407xx.o(.text)
    RTC_WKUP_IRQHandler                      0x080001b7   Thumb Code     0  startup_stm32f407xx.o(.text)
    SDIO_IRQHandler                          0x080001b7   Thumb Code     0  startup_stm32f407xx.o(.text)
    SPI1_IRQHandler                          0x080001b7   Thumb Code     0  startup_stm32f407xx.o(.text)
    SPI2_IRQHandler                          0x080001b7   Thumb Code     0  startup_stm32f407xx.o(.text)
    SPI3_IRQHandler                          0x080001b7   Thumb Code     0  startup_stm32f407xx.o(.text)
    TAMP_STAMP_IRQHandler                    0x080001b7   Thumb Code     0  startup_stm32f407xx.o(.text)
    TIM1_BRK_TIM9_IRQHandler                 0x080001b7   Thumb Code     0  startup_stm32f407xx.o(.text)
    TIM1_CC_IRQHandler                       0x080001b7   Thumb Code     0  startup_stm32f407xx.o(.text)
    TIM1_TRG_COM_TIM11_IRQHandler            0x080001b7   Thumb Code     0  startup_stm32f407xx.o(.text)
    TIM1_UP_TIM10_IRQHandler                 0x080001b7   Thumb Code     0  startup_stm32f407xx.o(.text)
    TIM2_IRQHandler                          0x080001b7   Thumb Code     0  startup_stm32f407xx.o(.text)
    TIM3_IRQHandler                          0x080001b7   Thumb Code     0  startup_stm32f407xx.o(.text)
    TIM4_IRQHandler                          0x080001b7   Thumb Code     0  startup_stm32f407xx.o(.text)
    TIM5_IRQHandler                          0x080001b7   Thumb Code     0  startup_stm32f407xx.o(.text)
    TIM6_DAC_IRQHandler                      0x080001b7   Thumb Code     0  startup_stm32f407xx.o(.text)
    TIM8_BRK_TIM12_IRQHandler                0x080001b7   Thumb Code     0  startup_stm32f407xx.o(.text)
    TIM8_CC_IRQHandler                       0x080001b7   Thumb Code     0  startup_stm32f407xx.o(.text)
    TIM8_TRG_COM_TIM14_IRQHandler            0x080001b7   Thumb Code     0  startup_stm32f407xx.o(.text)
    TIM8_UP_TIM13_IRQHandler                 0x080001b7   Thumb Code     0  startup_stm32f407xx.o(.text)
    UART4_IRQHandler                         0x080001b7   Thumb Code     0  startup_stm32f407xx.o(.text)
    UART5_IRQHandler                         0x080001b7   Thumb Code     0  startup_stm32f407xx.o(.text)
    USART1_IRQHandler                        0x080001b7   Thumb Code     0  startup_stm32f407xx.o(.text)
    USART2_IRQHandler                        0x080001b7   Thumb Code     0  startup_stm32f407xx.o(.text)
    USART3_IRQHandler                        0x080001b7   Thumb Code     0  startup_stm32f407xx.o(.text)
    USART6_IRQHandler                        0x080001b7   Thumb Code     0  startup_stm32f407xx.o(.text)
    WWDG_IRQHandler                          0x080001b7   Thumb Code     0  startup_stm32f407xx.o(.text)
    __aeabi_memcpy                           0x080001c1   Thumb Code    36  memcpya.o(.text)
    __aeabi_memcpy4                          0x080001c1   Thumb Code     0  memcpya.o(.text)
    __aeabi_memcpy8                          0x080001c1   Thumb Code     0  memcpya.o(.text)
    __scatterload                            0x080001e5   Thumb Code    28  init.o(.text)
    __scatterload_rt2                        0x080001e5   Thumb Code     0  init.o(.text)
    __decompress                             0x08000209   Thumb Code     0  __dczerorl2.o(.text)
    __decompress1                            0x08000209   Thumb Code    92  __dczerorl2.o(.text)
    ACCELERO_IO_Read                         0x08000265   Thumb Code    74  main.o(i.ACCELERO_IO_Read)
    ACCELERO_IO_Write                        0x080002b5   Thumb Code    68  main.o(i.ACCELERO_IO_Write)
    BSP_ACCELERO_GetXYZ                      0x080002fd   Thumb Code    38  stm32f4_discovery_accelerometer.o(i.BSP_ACCELERO_GetXYZ)
    BSP_ACCELERO_Init                        0x0800032d   Thumb Code    58  stm32f4_discovery_accelerometer.o(i.BSP_ACCELERO_Init)
    CDC_Transmit_FS                          0x080003b9   Thumb Code    44  usbd_cdc_if.o(i.CDC_Transmit_FS)
    EXTI0_IRQHandler                         0x080003ed   Thumb Code    18  stm32f4xx_it.o(i.EXTI0_IRQHandler)
    EXTI1_IRQHandler                         0x080003ff   Thumb Code    18  stm32f4xx_it.o(i.EXTI1_IRQHandler)
    HAL_Delay                                0x08000411   Thumb Code    22  stm32f4xx_hal.o(i.HAL_Delay)
    HAL_GPIO_EXTI_Callback                   0x08000427   Thumb Code     2  stm32f4xx_hal_gpio.o(i.HAL_GPIO_EXTI_Callback)
    HAL_GPIO_EXTI_IRQHandler                 0x08000429   Thumb Code    18  stm32f4xx_hal_gpio.o(i.HAL_GPIO_EXTI_IRQHandler)
    HAL_GPIO_Init                            0x08000441   Thumb Code   404  stm32f4xx_hal_gpio.o(i.HAL_GPIO_Init)
    HAL_GPIO_TogglePin                       0x08000609   Thumb Code     8  stm32f4xx_hal_gpio.o(i.HAL_GPIO_TogglePin)
    HAL_GPIO_WritePin                        0x08000611   Thumb Code    10  stm32f4xx_hal_gpio.o(i.HAL_GPIO_WritePin)
    HAL_GetTick                              0x0800061d   Thumb Code     6  stm32f4xx_hal.o(i.HAL_GetTick)
    HAL_IncTick                              0x08000629   Thumb Code    10  stm32f4xx_hal.o(i.HAL_IncTick)
    HAL_Init                                 0x08000639   Thumb Code    48  stm32f4xx_hal.o(i.HAL_Init)
    HAL_InitTick                             0x0800066d   Thumb Code    34  stm32f4xx_hal.o(i.HAL_InitTick)
    HAL_MspInit                              0x0800068f   Thumb Code     2  stm32f4xx_hal.o(i.HAL_MspInit)
    HAL_NVIC_ClearPendingIRQ                 0x08000691   Thumb Code    24  stm32f4xx_hal_cortex.o(i.HAL_NVIC_ClearPendingIRQ)
    HAL_NVIC_EnableIRQ                       0x080006a9   Thumb Code    24  stm32f4xx_hal_cortex.o(i.HAL_NVIC_EnableIRQ)
    HAL_NVIC_SetPriority                     0x080006c1   Thumb Code    60  stm32f4xx_hal_cortex.o(i.HAL_NVIC_SetPriority)
    HAL_NVIC_SetPriorityGrouping             0x08000701   Thumb Code    26  stm32f4xx_hal_cortex.o(i.HAL_NVIC_SetPriorityGrouping)
    HAL_PCDEx_SetRxFiFo                      0x08000725   Thumb Code     8  stm32f4xx_hal_pcd_ex.o(i.HAL_PCDEx_SetRxFiFo)
    HAL_PCDEx_SetTxFiFo                      0x0800072d   Thumb Code    68  stm32f4xx_hal_pcd_ex.o(i.HAL_PCDEx_SetTxFiFo)
    HAL_PCD_ConnectCallback                  0x08000771   Thumb Code     8  usbd_conf.o(i.HAL_PCD_ConnectCallback)
    HAL_PCD_DataInStageCallback              0x08000779   Thumb Code    18  usbd_conf.o(i.HAL_PCD_DataInStageCallback)
    HAL_PCD_DataOutStageCallback             0x0800078b   Thumb Code    20  usbd_conf.o(i.HAL_PCD_DataOutStageCallback)
    HAL_PCD_DisconnectCallback               0x0800079f   Thumb Code     8  usbd_conf.o(i.HAL_PCD_DisconnectCallback)
    HAL_PCD_EP_Close                         0x080007a7   Thumb Code    68  stm32f4xx_hal_pcd.o(i.HAL_PCD_EP_Close)
    HAL_PCD_EP_ClrStall                      0x080007eb   Thumb Code    80  stm32f4xx_hal_pcd.o(i.HAL_PCD_EP_ClrStall)
    HAL_PCD_EP_GetRxCount                    0x0800083b   Thumb Code    20  stm32f4xx_hal_pcd.o(i.HAL_PCD_EP_GetRxCount)
    HAL_PCD_EP_Open                          0x0800084f   Thumb Code    84  stm32f4xx_hal_pcd.o(i.HAL_PCD_EP_Open)
    HAL_PCD_EP_Receive                       0x080008a3   Thumb Code    86  stm32f4xx_hal_pcd.o(i.HAL_PCD_EP_Receive)
    HAL_PCD_EP_SetStall                      0x080008f9   Thumb Code    96  stm32f4xx_hal_pcd.o(i.HAL_PCD_EP_SetStall)
    HAL_PCD_EP_Transmit                      0x08000959   Thumb Code    86  stm32f4xx_hal_pcd.o(i.HAL_PCD_EP_Transmit)
    HAL_PCD_IRQHandler                       0x080009b1   Thumb Code  1006  stm32f4xx_hal_pcd.o(i.HAL_PCD_IRQHandler)
    HAL_PCD_ISOINIncompleteCallback          0x08000d9f   Thumb Code     8  usbd_conf.o(i.HAL_PCD_ISOINIncompleteCallback)
    HAL_PCD_ISOOUTIncompleteCallback         0x08000da7   Thumb Code     8  usbd_conf.o(i.HAL_PCD_ISOOUTIncompleteCallback)
    HAL_PCD_Init                             0x08000daf   Thumb Code   186  stm32f4xx_hal_pcd.o(i.HAL_PCD_Init)
    HAL_PCD_MspInit                          0x08000e69   Thumb Code   108  usbd_conf.o(i.HAL_PCD_MspInit)
    HAL_PCD_ResetCallback                    0x08000edd   Thumb Code    32  usbd_conf.o(i.HAL_PCD_ResetCallback)
    HAL_PCD_ResumeCallback                   0x08000efd   Thumb Code     8  usbd_conf.o(i.HAL_PCD_ResumeCallback)
    HAL_PCD_SOFCallback                      0x08000f05   Thumb Code     8  usbd_conf.o(i.HAL_PCD_SOFCallback)
    HAL_PCD_SetAddress                       0x08000f0d   Thumb Code    36  stm32f4xx_hal_pcd.o(i.HAL_PCD_SetAddress)
    HAL_PCD_SetupStageCallback               0x08000f31   Thumb Code    14  usbd_conf.o(i.HAL_PCD_SetupStageCallback)
    HAL_PCD_Start                            0x08000f3f   Thumb Code    42  stm32f4xx_hal_pcd.o(i.HAL_PCD_Start)
    HAL_PCD_SuspendCallback                  0x08000f69   Thumb Code     8  usbd_conf.o(i.HAL_PCD_SuspendCallback)
    HAL_RCC_ClockConfig                      0x08000f71   Thumb Code   432  stm32f4xx_hal_rcc.o(i.HAL_RCC_ClockConfig)
    HAL_RCC_GetHCLKFreq                      0x08001129   Thumb Code    38  stm32f4xx_hal_rcc.o(i.HAL_RCC_GetHCLKFreq)
    HAL_RCC_GetSysClockFreq                  0x0800115d   Thumb Code   120  stm32f4xx_hal_rcc.o(i.HAL_RCC_GetSysClockFreq)
    HAL_RCC_OscConfig                        0x080011e1   Thumb Code   802  stm32f4xx_hal_rcc.o(i.HAL_RCC_OscConfig)
    HAL_SPI_Init                             0x08001519   Thumb Code   130  stm32f4xx_hal_spi.o(i.HAL_SPI_Init)
    HAL_SPI_MspInit                          0x0800159d   Thumb Code    50  spi.o(i.HAL_SPI_MspInit)
    HAL_SPI_TransmitReceive                  0x080015dd   Thumb Code   686  stm32f4xx_hal_spi.o(i.HAL_SPI_TransmitReceive)
    HAL_SYSTICK_Callback                     0x0800188b   Thumb Code     2  stm32f4xx_hal_cortex.o(i.HAL_SYSTICK_Callback)
    HAL_SYSTICK_Config                       0x0800188d   Thumb Code    40  stm32f4xx_hal_cortex.o(i.HAL_SYSTICK_Config)
    HAL_SYSTICK_IRQHandler                   0x080018b5   Thumb Code     8  stm32f4xx_hal_cortex.o(i.HAL_SYSTICK_IRQHandler)
    HAL_TIMEx_BreakCallback                  0x080018bd   Thumb Code     2  stm32f4xx_hal_tim_ex.o(i.HAL_TIMEx_BreakCallback)
    HAL_TIMEx_CommutationCallback            0x080018bf   Thumb Code     2  stm32f4xx_hal_tim_ex.o(i.HAL_TIMEx_CommutationCallback)
    HAL_TIMEx_MasterConfigSynchronization    0x080018c1   Thumb Code    80  stm32f4xx_hal_tim_ex.o(i.HAL_TIMEx_MasterConfigSynchronization)
    HAL_TIM_Base_Init                        0x08001911   Thumb Code    48  stm32f4xx_hal_tim.o(i.HAL_TIM_Base_Init)
    HAL_TIM_Base_MspInit                     0x08001941   Thumb Code    48  tim.o(i.HAL_TIM_Base_MspInit)
    HAL_TIM_Base_Start_IT                    0x08001979   Thumb Code    24  stm32f4xx_hal_tim.o(i.HAL_TIM_Base_Start_IT)
    HAL_TIM_IC_CaptureCallback               0x08001991   Thumb Code     2  stm32f4xx_hal_tim.o(i.HAL_TIM_IC_CaptureCallback)
    HAL_TIM_IRQHandler                       0x08001993   Thumb Code   358  stm32f4xx_hal_tim.o(i.HAL_TIM_IRQHandler)
    HAL_TIM_OC_DelayElapsedCallback          0x08001af9   Thumb Code     2  stm32f4xx_hal_tim.o(i.HAL_TIM_OC_DelayElapsedCallback)
    HAL_TIM_PWM_PulseFinishedCallback        0x08001afb   Thumb Code     2  stm32f4xx_hal_tim.o(i.HAL_TIM_PWM_PulseFinishedCallback)
    HAL_TIM_PeriodElapsedCallback            0x08001afd   Thumb Code    32  main.o(i.HAL_TIM_PeriodElapsedCallback)
    HAL_TIM_TriggerCallback                  0x08001b25   Thumb Code     2  stm32f4xx_hal_tim.o(i.HAL_TIM_TriggerCallback)
    LIS302DL_Click_IntClear                  0x08001b27   Thumb Code    30  lis302dl.o(i.LIS302DL_Click_IntClear)
    LIS302DL_Click_IntConfig                 0x08001b45   Thumb Code   160  lis302dl.o(i.LIS302DL_Click_IntConfig)
    LIS302DL_FilterConfig                    0x08001be5   Thumb Code    46  lis302dl.o(i.LIS302DL_FilterConfig)
    LIS302DL_Init                            0x08001c13   Thumb Code    18  lis302dl.o(i.LIS302DL_Init)
    LIS302DL_InterruptConfig                 0x08001c25   Thumb Code    46  lis302dl.o(i.LIS302DL_InterruptConfig)
    LIS302DL_ReadACC                         0x08001c55   Thumb Code   102  lis302dl.o(i.LIS302DL_ReadACC)
    LIS302DL_ReadID                          0x08001cbb   Thumb Code    24  lis302dl.o(i.LIS302DL_ReadID)
    LIS302DL_RebootCmd                       0x08001cd3   Thumb Code    36  lis302dl.o(i.LIS302DL_RebootCmd)
    LIS3DSH_Click_IntConfig                  0x08001cf7   Thumb Code   206  lis3dsh.o(i.LIS3DSH_Click_IntConfig)
    LIS3DSH_Init                             0x08001dc5   Thumb Code    36  lis3dsh.o(i.LIS3DSH_Init)
    LIS3DSH_InterruptConfig                  0x08001de9   Thumb Code    76  lis3dsh.o(i.LIS3DSH_InterruptConfig)
    LIS3DSH_ReadACC                          0x08001e35   Thumb Code   198  lis3dsh.o(i.LIS3DSH_ReadACC)
    LIS3DSH_ReadID                           0x08001f11   Thumb Code    24  lis3dsh.o(i.LIS3DSH_ReadID)
    LIS3DSH_RebootCmd                        0x08001f29   Thumb Code    36  lis3dsh.o(i.LIS3DSH_RebootCmd)
    MX_GPIO_Init                             0x08001f4d   Thumb Code   132  gpio.o(i.MX_GPIO_Init)
    MX_SPI1_Init                             0x08001fe1   Thumb Code    42  spi.o(i.MX_SPI1_Init)
    MX_TIM7_Init                             0x08002015   Thumb Code    40  tim.o(i.MX_TIM7_Init)
    MX_USB_DEVICE_Init                       0x08002045   Thumb Code    38  usb_device.o(i.MX_USB_DEVICE_Init)
    OTG_FS_IRQHandler                        0x0800209d   Thumb Code    18  stm32f4xx_it.o(i.OTG_FS_IRQHandler)
    SysTick_Handler                          0x08002215   Thumb Code    14  stm32f4xx_it.o(i.SysTick_Handler)
    SystemClock_Config                       0x08002225   Thumb Code    92  main.o(i.SystemClock_Config)
    SystemInit                               0x08002289   Thumb Code    66  system_stm32f4xx.o(i.SystemInit)
    TIM7_IRQHandler                          0x080022dd   Thumb Code    18  stm32f4xx_it.o(i.TIM7_IRQHandler)
    TIM_Base_SetConfig                       0x080022f5   Thumb Code   148  stm32f4xx_hal_tim.o(i.TIM_Base_SetConfig)
    USBD_CDC_GetDeviceQualifierDescriptor    0x08002455   Thumb Code     8  usbd_cdc.o(i.USBD_CDC_GetDeviceQualifierDescriptor)
    USBD_CDC_ReceivePacket                   0x0800250d   Thumb Code    40  usbd_cdc.o(i.USBD_CDC_ReceivePacket)
    USBD_CDC_RegisterInterface               0x08002535   Thumb Code    16  usbd_cdc.o(i.USBD_CDC_RegisterInterface)
    USBD_CDC_SetRxBuffer                     0x08002545   Thumb Code    12  usbd_cdc.o(i.USBD_CDC_SetRxBuffer)
    USBD_CDC_SetTxBuffer                     0x08002551   Thumb Code    16  usbd_cdc.o(i.USBD_CDC_SetTxBuffer)
    USBD_CDC_TransmitPacket                  0x080025bd   Thumb Code    46  usbd_cdc.o(i.USBD_CDC_TransmitPacket)
    USBD_ClrClassConfig                      0x080025eb   Thumb Code    14  usbd_core.o(i.USBD_ClrClassConfig)
    USBD_CtlContinueRx                       0x080025f9   Thumb Code    16  usbd_ioreq.o(i.USBD_CtlContinueRx)
    USBD_CtlContinueSendData                 0x08002609   Thumb Code    16  usbd_ioreq.o(i.USBD_CtlContinueSendData)
    USBD_CtlError                            0x08002619   Thumb Code    22  usbd_ctlreq.o(i.USBD_CtlError)
    USBD_CtlPrepareRx                        0x0800262f   Thumb Code    30  usbd_ioreq.o(i.USBD_CtlPrepareRx)
    USBD_CtlReceiveStatus                    0x0800264d   Thumb Code    22  usbd_ioreq.o(i.USBD_CtlReceiveStatus)
    USBD_CtlSendData                         0x08002663   Thumb Code    26  usbd_ioreq.o(i.USBD_CtlSendData)
    USBD_CtlSendStatus                       0x0800267d   Thumb Code    22  usbd_ioreq.o(i.USBD_CtlSendStatus)
    USBD_FS_ConfigStrDescriptor              0x08002695   Thumb Code    16  usbd_desc.o(i.USBD_FS_ConfigStrDescriptor)
    USBD_FS_DeviceDescriptor                 0x080026b5   Thumb Code     8  usbd_desc.o(i.USBD_FS_DeviceDescriptor)
    USBD_FS_InterfaceStrDescriptor           0x080026c1   Thumb Code    16  usbd_desc.o(i.USBD_FS_InterfaceStrDescriptor)
    USBD_FS_LangIDStrDescriptor              0x080026e5   Thumb Code     8  usbd_desc.o(i.USBD_FS_LangIDStrDescriptor)
    USBD_FS_ManufacturerStrDescriptor        0x080026f1   Thumb Code    16  usbd_desc.o(i.USBD_FS_ManufacturerStrDescriptor)
    USBD_FS_ProductStrDescriptor             0x08002719   Thumb Code    16  usbd_desc.o(i.USBD_FS_ProductStrDescriptor)
    USBD_FS_SerialStrDescriptor              0x08002745   Thumb Code    16  usbd_desc.o(i.USBD_FS_SerialStrDescriptor)
    USBD_GetString                           0x0800284b   Thumb Code    70  usbd_ctlreq.o(i.USBD_GetString)
    USBD_Init                                0x08002891   Thumb Code    42  usbd_core.o(i.USBD_Init)
    USBD_LL_ClearStallEP                     0x080028bb   Thumb Code    14  usbd_conf.o(i.USBD_LL_ClearStallEP)
    USBD_LL_CloseEP                          0x080028c9   Thumb Code    14  usbd_conf.o(i.USBD_LL_CloseEP)
    USBD_LL_DataInStage                      0x080028d7   Thumb Code   160  usbd_core.o(i.USBD_LL_DataInStage)
    USBD_LL_DataOutStage                     0x08002977   Thumb Code   106  usbd_core.o(i.USBD_LL_DataOutStage)
    USBD_LL_DevConnected                     0x080029e1   Thumb Code     4  usbd_core.o(i.USBD_LL_DevConnected)
    USBD_LL_DevDisconnected                  0x080029e5   Thumb Code    22  usbd_core.o(i.USBD_LL_DevDisconnected)
    USBD_LL_GetRxDataSize                    0x080029fb   Thumb Code     8  usbd_conf.o(i.USBD_LL_GetRxDataSize)
    USBD_LL_Init                             0x08002a05   Thumb Code    88  usbd_conf.o(i.USBD_LL_Init)
    USBD_LL_IsStallEP                        0x08002a61   Thumb Code    32  usbd_conf.o(i.USBD_LL_IsStallEP)
    USBD_LL_IsoINIncomplete                  0x08002a81   Thumb Code     4  usbd_core.o(i.USBD_LL_IsoINIncomplete)
    USBD_LL_IsoOUTIncomplete                 0x08002a85   Thumb Code     4  usbd_core.o(i.USBD_LL_IsoOUTIncomplete)
    USBD_LL_OpenEP                           0x08002a89   Thumb Code    20  usbd_conf.o(i.USBD_LL_OpenEP)
    USBD_LL_PrepareReceive                   0x08002a9d   Thumb Code    14  usbd_conf.o(i.USBD_LL_PrepareReceive)
    USBD_LL_Reset                            0x08002aab   Thumb Code    62  usbd_core.o(i.USBD_LL_Reset)
    USBD_LL_Resume                           0x08002ae9   Thumb Code    12  usbd_core.o(i.USBD_LL_Resume)
    USBD_LL_SOF                              0x08002af5   Thumb Code    24  usbd_core.o(i.USBD_LL_SOF)
    USBD_LL_SetSpeed                         0x08002b0d   Thumb Code     6  usbd_core.o(i.USBD_LL_SetSpeed)
    USBD_LL_SetUSBAddress                    0x08002b13   Thumb Code    14  usbd_conf.o(i.USBD_LL_SetUSBAddress)
    USBD_LL_SetupStage                       0x08002b21   Thumb Code    90  usbd_core.o(i.USBD_LL_SetupStage)
    USBD_LL_StallEP                          0x08002b7b   Thumb Code    14  usbd_conf.o(i.USBD_LL_StallEP)
    USBD_LL_Start                            0x08002b89   Thumb Code    14  usbd_conf.o(i.USBD_LL_Start)
    USBD_LL_Suspend                          0x08002b97   Thumb Code    16  usbd_core.o(i.USBD_LL_Suspend)
    USBD_LL_Transmit                         0x08002ba7   Thumb Code    14  usbd_conf.o(i.USBD_LL_Transmit)
    USBD_ParseSetupRequest                   0x08002bb5   Thumb Code    40  usbd_ctlreq.o(i.USBD_ParseSetupRequest)
    USBD_RegisterClass                       0x08002bdd   Thumb Code    16  usbd_core.o(i.USBD_RegisterClass)
    USBD_SetClassConfig                      0x08002bed   Thumb Code    22  usbd_core.o(i.USBD_SetClassConfig)
    USBD_Start                               0x08002c79   Thumb Code    10  usbd_core.o(i.USBD_Start)
    USBD_StdDevReq                           0x08002c83   Thumb Code   258  usbd_ctlreq.o(i.USBD_StdDevReq)
    USBD_StdEPReq                            0x08002d85   Thumb Code   194  usbd_ctlreq.o(i.USBD_StdEPReq)
    USBD_StdItfReq                           0x08002e47   Thumb Code    52  usbd_ctlreq.o(i.USBD_StdItfReq)
    USB_ActivateEndpoint                     0x08002e7d   Thumb Code   126  stm32f4xx_ll_usb.o(i.USB_ActivateEndpoint)
    USB_ActivateSetup                        0x08002f01   Thumb Code    54  stm32f4xx_ll_usb.o(i.USB_ActivateSetup)
    USB_CoreInit                             0x08002f39   Thumb Code   104  stm32f4xx_ll_usb.o(i.USB_CoreInit)
    USB_DeactivateEndpoint                   0x08002fdd   Thumb Code   110  stm32f4xx_ll_usb.o(i.USB_DeactivateEndpoint)
    USB_DevConnect                           0x0800304b   Thumb Code    26  stm32f4xx_ll_usb.o(i.USB_DevConnect)
    USB_DevDisconnect                        0x08003065   Thumb Code    26  stm32f4xx_ll_usb.o(i.USB_DevDisconnect)
    USB_DevInit                              0x08003081   Thumb Code   310  stm32f4xx_ll_usb.o(i.USB_DevInit)
    USB_DisableGlobalInt                     0x080031c9   Thumb Code    12  stm32f4xx_ll_usb.o(i.USB_DisableGlobalInt)
    USB_EP0StartXfer                         0x080031d5   Thumb Code   322  stm32f4xx_ll_usb.o(i.USB_EP0StartXfer)
    USB_EP0_OutStart                         0x0800331d   Thumb Code    56  stm32f4xx_ll_usb.o(i.USB_EP0_OutStart)
    USB_EPClearStall                         0x08003355   Thumb Code   102  stm32f4xx_ll_usb.o(i.USB_EPClearStall)
    USB_EPSetStall                           0x080033bd   Thumb Code   100  stm32f4xx_ll_usb.o(i.USB_EPSetStall)
    USB_EPStartXfer                          0x08003421   Thumb Code   560  stm32f4xx_ll_usb.o(i.USB_EPStartXfer)
    USB_EnableGlobalInt                      0x08003655   Thumb Code    12  stm32f4xx_ll_usb.o(i.USB_EnableGlobalInt)
    USB_FlushRxFifo                          0x08003661   Thumb Code    28  stm32f4xx_ll_usb.o(i.USB_FlushRxFifo)
    USB_FlushTxFifo                          0x08003681   Thumb Code    32  stm32f4xx_ll_usb.o(i.USB_FlushTxFifo)
    USB_GetDevSpeed                          0x080036a5   Thumb Code    60  stm32f4xx_ll_usb.o(i.USB_GetDevSpeed)
    USB_GetMode                              0x080036e1   Thumb Code     8  stm32f4xx_ll_usb.o(i.USB_GetMode)
    USB_ReadDevAllInEpInterrupt              0x080036e9   Thumb Code    14  stm32f4xx_ll_usb.o(i.USB_ReadDevAllInEpInterrupt)
    USB_ReadDevAllOutEpInterrupt             0x080036f7   Thumb Code    14  stm32f4xx_ll_usb.o(i.USB_ReadDevAllOutEpInterrupt)
    USB_ReadDevInEPInterrupt                 0x08003705   Thumb Code    30  stm32f4xx_ll_usb.o(i.USB_ReadDevInEPInterrupt)
    USB_ReadDevOutEPInterrupt                0x08003723   Thumb Code    16  stm32f4xx_ll_usb.o(i.USB_ReadDevOutEPInterrupt)
    USB_ReadInterrupts                       0x08003733   Thumb Code     8  stm32f4xx_ll_usb.o(i.USB_ReadInterrupts)
    USB_ReadPacket                           0x0800373b   Thumb Code    32  stm32f4xx_ll_usb.o(i.USB_ReadPacket)
    USB_SetCurrentMode                       0x0800375b   Thumb Code    44  stm32f4xx_ll_usb.o(i.USB_SetCurrentMode)
    USB_SetDevAddress                        0x08003787   Thumb Code    32  stm32f4xx_ll_usb.o(i.USB_SetDevAddress)
    USB_SetDevSpeed                          0x080037a7   Thumb Code    16  stm32f4xx_ll_usb.o(i.USB_SetDevSpeed)
    USB_WritePacket                          0x080037b9   Thumb Code    40  stm32f4xx_ll_usb.o(i.USB_WritePacket)
    __scatterload_copy                       0x080037e1   Thumb Code    14  handlers.o(i.__scatterload_copy)
    __scatterload_null                       0x080037ef   Thumb Code     2  handlers.o(i.__scatterload_null)
    __scatterload_zeroinit                   0x080037f1   Thumb Code    14  handlers.o(i.__scatterload_zeroinit)
    free                                     0x08003801   Thumb Code    76  malloc.o(i.free)
    main                                     0x08003851   Thumb Code    68  main.o(i.main)
    malloc                                   0x080038a1   Thumb Code    92  malloc.o(i.malloc)
    APBAHBPrescTable                         0x0800390c   Data          16  stm32f4xx_hal_rcc.o(.constdata)
    Region$$Table$$Base                      0x0800391c   Number         0  anon$$obj.o(Region$$Table)
    Region$$Table$$Limit                     0x0800393c   Number         0  anon$$obj.o(Region$$Table)
    testDataToSend                           0x20000000   Data           8  main.o(.data)
    FS_Desc                                  0x20000008   Data          28  usbd_desc.o(.data)
    USBD_LangIDDesc                          0x20000024   Data           4  usbd_desc.o(.data)
    USBD_FS_DeviceDesc                       0x20000028   Data          18  usbd_desc.o(.data)
    USBD_Interface_fops_FS                   0x2000003c   Data          16  usbd_cdc_if.o(.data)
    hUsbDevice_0                             0x2000004c   Data           4  usbd_cdc_if.o(.data)
    SystemCoreClock                          0x20000050   Data           4  system_stm32f4xx.o(.data)
    AHBPrescTable                            0x20000054   Data          16  system_stm32f4xx.o(.data)
    USBD_CDC_CfgHSDesc                       0x20000078   Data          67  usbd_cdc.o(.data)
    USBD_CDC_CfgFSDesc                       0x200000bc   Data          67  usbd_cdc.o(.data)
    USBD_CDC_OtherSpeedCfgDesc               0x20000100   Data          67  usbd_cdc.o(.data)
    USBD_CDC                                 0x20000144   Data          56  usbd_cdc.o(.data)
    Lis302dlDrv                              0x2000017c   Data          44  lis302dl.o(.data)
    Lis3dshDrv                               0x200001a8   Data          44  lis3dsh.o(.data)
    __microlib_freelist                      0x200001d8   Data           4  mvars.o(.data)
    __microlib_freelist_initialised          0x200001dc   Data           4  mvars.o(.data)
    htim7                                    0x200001e0   Data          60  tim.o(.bss)
    hUsbDeviceFS                             0x2000021c   Data         548  usb_device.o(.bss)
    hpcd_USB_OTG_FS                          0x20000440   Data         944  usbd_conf.o(.bss)
    USBD_StrDesc                             0x200007f0   Data         512  usbd_desc.o(.bss)
    UserRxBufferFS                           0x200009f0   Data          64  usbd_cdc_if.o(.bss)
    UserTxBufferFS                           0x20000a30   Data          64  usbd_cdc_if.o(.bss)
    hspi1                                    0x20000a70   Data          84  spi.o(.bss)
    __heap_base                              0x20000ac8   Data           0  startup_stm32f407xx.o(HEAP)
    __heap_limit                             0x20000ec8   Data           0  startup_stm32f407xx.o(HEAP)
    __initial_sp                             0x200012c8   Data           0  startup_stm32f407xx.o(STACK)



==============================================================================

Memory Map of the image

  Image Entry point : 0x08000189

  Load Region LR_IROM1 (Base: 0x08000000, Size: 0x00003b1c, Max: 0x00100000, ABSOLUTE, COMPRESSED[0x00003a28])

    Execution Region ER_IROM1 (Base: 0x08000000, Size: 0x0000393c, Max: 0x00100000, ABSOLUTE)

    Base Addr    Size         Type   Attr      Idx    E Section Name        Object

    0x08000000   0x00000188   Data   RO         3548    RESET               startup_stm32f407xx.o
    0x08000188   0x00000000   Code   RO         3747  * .ARM.Collect$$$$00000000  mc_w.l(entry.o)
    0x08000188   0x00000004   Code   RO         3782    .ARM.Collect$$$$00000001  mc_w.l(entry2.o)
    0x0800018c   0x00000004   Code   RO         3785    .ARM.Collect$$$$00000004  mc_w.l(entry5.o)
    0x08000190   0x00000000   Code   RO         3787    .ARM.Collect$$$$00000008  mc_w.l(entry7b.o)
    0x08000190   0x00000000   Code   RO         3789    .ARM.Collect$$$$0000000A  mc_w.l(entry8b.o)
    0x08000190   0x00000008   Code   RO         3790    .ARM.Collect$$$$0000000B  mc_w.l(entry9a.o)
    0x08000198   0x00000000   Code   RO         3792    .ARM.Collect$$$$0000000D  mc_w.l(entry10a.o)
    0x08000198   0x00000000   Code   RO         3794    .ARM.Collect$$$$0000000F  mc_w.l(entry11a.o)
    0x08000198   0x00000004   Code   RO         3783    .ARM.Collect$$$$00002712  mc_w.l(entry2.o)
    0x0800019c   0x00000024   Code   RO         3549    .text               startup_stm32f407xx.o
    0x080001c0   0x00000024   Code   RO         3750    .text               mc_w.l(memcpya.o)
    0x080001e4   0x00000024   Code   RO         3798    .text               mc_w.l(init.o)
    0x08000208   0x0000005c   Code   RO         3808    .text               mc_w.l(__dczerorl2.o)
    0x08000264   0x00000050   Code   RO          118    i.ACCELERO_IO_Read  main.o
    0x080002b4   0x00000048   Code   RO          119    i.ACCELERO_IO_Write  main.o
    0x080002fc   0x00000030   Code   RO         3705    i.BSP_ACCELERO_GetXYZ  stm32f4_discovery_accelerometer.o
    0x0800032c   0x00000048   Code   RO         3706    i.BSP_ACCELERO_Init  stm32f4_discovery_accelerometer.o
    0x08000374   0x00000004   Code   RO          612    i.CDC_Control_FS    usbd_cdc_if.o
    0x08000378   0x00000004   Code   RO          613    i.CDC_DeInit_FS     usbd_cdc_if.o
    0x0800037c   0x0000002c   Code   RO          614    i.CDC_Init_FS       usbd_cdc_if.o
    0x080003a8   0x00000010   Code   RO          615    i.CDC_Receive_FS    usbd_cdc_if.o
    0x080003b8   0x00000034   Code   RO          616    i.CDC_Transmit_FS   usbd_cdc_if.o
    0x080003ec   0x00000012   Code   RO          229    i.EXTI0_IRQHandler  stm32f4xx_it.o
    0x080003fe   0x00000012   Code   RO          230    i.EXTI1_IRQHandler  stm32f4xx_it.o
    0x08000410   0x00000016   Code   RO          732    i.HAL_Delay         stm32f4xx_hal.o
    0x08000426   0x00000002   Code   RO         1275    i.HAL_GPIO_EXTI_Callback  stm32f4xx_hal_gpio.o
    0x08000428   0x00000018   Code   RO         1276    i.HAL_GPIO_EXTI_IRQHandler  stm32f4xx_hal_gpio.o
    0x08000440   0x000001c8   Code   RO         1277    i.HAL_GPIO_Init     stm32f4xx_hal_gpio.o
    0x08000608   0x00000008   Code   RO         1280    i.HAL_GPIO_TogglePin  stm32f4xx_hal_gpio.o
    0x08000610   0x0000000a   Code   RO         1281    i.HAL_GPIO_WritePin  stm32f4xx_hal_gpio.o
    0x0800061a   0x00000002   PAD
    0x0800061c   0x0000000c   Code   RO          744    i.HAL_GetTick       stm32f4xx_hal.o
    0x08000628   0x00000010   Code   RO          745    i.HAL_IncTick       stm32f4xx_hal.o
    0x08000638   0x00000034   Code   RO          746    i.HAL_Init          stm32f4xx_hal.o
    0x0800066c   0x00000022   Code   RO          747    i.HAL_InitTick      stm32f4xx_hal.o
    0x0800068e   0x00000002   Code   RO          749    i.HAL_MspInit       stm32f4xx_hal.o
    0x08000690   0x00000018   Code   RO          873    i.HAL_NVIC_ClearPendingIRQ  stm32f4xx_hal_cortex.o
    0x080006a8   0x00000018   Code   RO          875    i.HAL_NVIC_EnableIRQ  stm32f4xx_hal_cortex.o
    0x080006c0   0x00000040   Code   RO          881    i.HAL_NVIC_SetPriority  stm32f4xx_hal_cortex.o
    0x08000700   0x00000024   Code   RO          882    i.HAL_NVIC_SetPriorityGrouping  stm32f4xx_hal_cortex.o
    0x08000724   0x00000008   Code   RO         1547    i.HAL_PCDEx_SetRxFiFo  stm32f4xx_hal_pcd_ex.o
    0x0800072c   0x00000044   Code   RO         1548    i.HAL_PCDEx_SetTxFiFo  stm32f4xx_hal_pcd_ex.o
    0x08000770   0x00000008   Code   RO          345    i.HAL_PCD_ConnectCallback  usbd_conf.o
    0x08000778   0x00000012   Code   RO          346    i.HAL_PCD_DataInStageCallback  usbd_conf.o
    0x0800078a   0x00000014   Code   RO          347    i.HAL_PCD_DataOutStageCallback  usbd_conf.o
    0x0800079e   0x00000008   Code   RO          348    i.HAL_PCD_DisconnectCallback  usbd_conf.o
    0x080007a6   0x00000044   Code   RO         1345    i.HAL_PCD_EP_Close  stm32f4xx_hal_pcd.o
    0x080007ea   0x00000050   Code   RO         1346    i.HAL_PCD_EP_ClrStall  stm32f4xx_hal_pcd.o
    0x0800083a   0x00000014   Code   RO         1348    i.HAL_PCD_EP_GetRxCount  stm32f4xx_hal_pcd.o
    0x0800084e   0x00000054   Code   RO         1349    i.HAL_PCD_EP_Open   stm32f4xx_hal_pcd.o
    0x080008a2   0x00000056   Code   RO         1350    i.HAL_PCD_EP_Receive  stm32f4xx_hal_pcd.o
    0x080008f8   0x00000060   Code   RO         1351    i.HAL_PCD_EP_SetStall  stm32f4xx_hal_pcd.o
    0x08000958   0x00000056   Code   RO         1352    i.HAL_PCD_EP_Transmit  stm32f4xx_hal_pcd.o
    0x080009ae   0x00000002   PAD
    0x080009b0   0x000003ee   Code   RO         1354    i.HAL_PCD_IRQHandler  stm32f4xx_hal_pcd.o
    0x08000d9e   0x00000008   Code   RO          349    i.HAL_PCD_ISOINIncompleteCallback  usbd_conf.o
    0x08000da6   0x00000008   Code   RO          350    i.HAL_PCD_ISOOUTIncompleteCallback  usbd_conf.o
    0x08000dae   0x000000ba   Code   RO         1357    i.HAL_PCD_Init      stm32f4xx_hal_pcd.o
    0x08000e68   0x00000074   Code   RO          352    i.HAL_PCD_MspInit   usbd_conf.o
    0x08000edc   0x00000020   Code   RO          353    i.HAL_PCD_ResetCallback  usbd_conf.o
    0x08000efc   0x00000008   Code   RO          354    i.HAL_PCD_ResumeCallback  usbd_conf.o
    0x08000f04   0x00000008   Code   RO          355    i.HAL_PCD_SOFCallback  usbd_conf.o
    0x08000f0c   0x00000024   Code   RO         1363    i.HAL_PCD_SetAddress  stm32f4xx_hal_pcd.o
    0x08000f30   0x0000000e   Code   RO          356    i.HAL_PCD_SetupStageCallback  usbd_conf.o
    0x08000f3e   0x0000002a   Code   RO         1365    i.HAL_PCD_Start     stm32f4xx_hal_pcd.o
    0x08000f68   0x00000008   Code   RO          357    i.HAL_PCD_SuspendCallback  usbd_conf.o
    0x08000f70   0x000001b8   Code   RO         1704    i.HAL_RCC_ClockConfig  stm32f4xx_hal_rcc.o
    0x08001128   0x00000034   Code   RO         1709    i.HAL_RCC_GetHCLKFreq  stm32f4xx_hal_rcc.o
    0x0800115c   0x00000084   Code   RO         1713    i.HAL_RCC_GetSysClockFreq  stm32f4xx_hal_rcc.o
    0x080011e0   0x00000338   Code   RO         1716    i.HAL_RCC_OscConfig  stm32f4xx_hal_rcc.o
    0x08001518   0x00000082   Code   RO         2968    i.HAL_SPI_Init      stm32f4xx_hal_spi.o
    0x0800159a   0x00000002   PAD
    0x0800159c   0x00000040   Code   RO          662    i.HAL_SPI_MspInit   spi.o
    0x080015dc   0x000002ae   Code   RO         2977    i.HAL_SPI_TransmitReceive  stm32f4xx_hal_spi.o
    0x0800188a   0x00000002   Code   RO          885    i.HAL_SYSTICK_Callback  stm32f4xx_hal_cortex.o
    0x0800188c   0x00000028   Code   RO          886    i.HAL_SYSTICK_Config  stm32f4xx_hal_cortex.o
    0x080018b4   0x00000008   Code   RO          887    i.HAL_SYSTICK_IRQHandler  stm32f4xx_hal_cortex.o
    0x080018bc   0x00000002   Code   RO         2446    i.HAL_TIMEx_BreakCallback  stm32f4xx_hal_tim_ex.o
    0x080018be   0x00000002   Code   RO         2447    i.HAL_TIMEx_CommutationCallback  stm32f4xx_hal_tim_ex.o
    0x080018c0   0x00000050   Code   RO         2464    i.HAL_TIMEx_MasterConfigSynchronization  stm32f4xx_hal_tim_ex.o
    0x08001910   0x00000030   Code   RO         1832    i.HAL_TIM_Base_Init  stm32f4xx_hal_tim.o
    0x08001940   0x00000038   Code   RO          278    i.HAL_TIM_Base_MspInit  tim.o
    0x08001978   0x00000018   Code   RO         1837    i.HAL_TIM_Base_Start_IT  stm32f4xx_hal_tim.o
    0x08001990   0x00000002   Code   RO         1864    i.HAL_TIM_IC_CaptureCallback  stm32f4xx_hal_tim.o
    0x08001992   0x00000166   Code   RO         1877    i.HAL_TIM_IRQHandler  stm32f4xx_hal_tim.o
    0x08001af8   0x00000002   Code   RO         1880    i.HAL_TIM_OC_DelayElapsedCallback  stm32f4xx_hal_tim.o
    0x08001afa   0x00000002   Code   RO         1907    i.HAL_TIM_PWM_PulseFinishedCallback  stm32f4xx_hal_tim.o
    0x08001afc   0x00000028   Code   RO          120    i.HAL_TIM_PeriodElapsedCallback  main.o
    0x08001b24   0x00000002   Code   RO         1917    i.HAL_TIM_TriggerCallback  stm32f4xx_hal_tim.o
    0x08001b26   0x0000001e   Code   RO         3553    i.LIS302DL_Click_IntClear  lis302dl.o
    0x08001b44   0x000000a0   Code   RO         3554    i.LIS302DL_Click_IntConfig  lis302dl.o
    0x08001be4   0x0000002e   Code   RO         3556    i.LIS302DL_FilterConfig  lis302dl.o
    0x08001c12   0x00000012   Code   RO         3558    i.LIS302DL_Init     lis302dl.o
    0x08001c24   0x0000002e   Code   RO         3559    i.LIS302DL_InterruptConfig  lis302dl.o
    0x08001c52   0x00000002   PAD
    0x08001c54   0x00000066   Code   RO         3561    i.LIS302DL_ReadACC  lis302dl.o
    0x08001cba   0x00000018   Code   RO         3562    i.LIS302DL_ReadID   lis302dl.o
    0x08001cd2   0x00000024   Code   RO         3563    i.LIS302DL_RebootCmd  lis302dl.o
    0x08001cf6   0x000000ce   Code   RO         3634    i.LIS3DSH_Click_IntConfig  lis3dsh.o
    0x08001dc4   0x00000024   Code   RO         3637    i.LIS3DSH_Init      lis3dsh.o
    0x08001de8   0x0000004c   Code   RO         3638    i.LIS3DSH_InterruptConfig  lis3dsh.o
    0x08001e34   0x000000dc   Code   RO         3640    i.LIS3DSH_ReadACC   lis3dsh.o
    0x08001f10   0x00000018   Code   RO         3641    i.LIS3DSH_ReadID    lis3dsh.o
    0x08001f28   0x00000024   Code   RO         3642    i.LIS3DSH_RebootCmd  lis3dsh.o
    0x08001f4c   0x00000094   Code   RO            3    i.MX_GPIO_Init      gpio.o
    0x08001fe0   0x00000034   Code   RO          663    i.MX_SPI1_Init      spi.o
    0x08002014   0x00000030   Code   RO          279    i.MX_TIM7_Init      tim.o
    0x08002044   0x00000038   Code   RO          315    i.MX_USB_DEVICE_Init  usb_device.o
    0x0800207c   0x00000020   Code   RO          888    i.NVIC_SetPriority  stm32f4xx_hal_cortex.o
    0x0800209c   0x00000018   Code   RO          231    i.OTG_FS_IRQHandler  stm32f4xx_it.o
    0x080020b4   0x00000098   Code   RO         1368    i.PCD_WriteEmptyTxFifo  stm32f4xx_hal_pcd.o
    0x0800214c   0x0000009e   Code   RO         2998    i.SPI_WaitOnFlagUntilTimeout  stm32f4xx_hal_spi.o
    0x080021ea   0x00000002   PAD
    0x080021ec   0x00000028   Code   RO          121    i.SPIx_WriteRead    main.o
    0x08002214   0x0000000e   Code   RO          232    i.SysTick_Handler   stm32f4xx_it.o
    0x08002222   0x00000002   PAD
    0x08002224   0x00000064   Code   RO          122    i.SystemClock_Config  main.o
    0x08002288   0x00000054   Code   RO          700    i.SystemInit        system_stm32f4xx.o
    0x080022dc   0x00000018   Code   RO          233    i.TIM7_IRQHandler   stm32f4xx_it.o
    0x080022f4   0x000000c0   Code   RO         1918    i.TIM_Base_SetConfig  stm32f4xx_hal_tim.o
    0x080023b4   0x00000014   Code   RO         3446    i.USBD_CDC_DataIn   usbd_cdc.o
    0x080023c8   0x0000002e   Code   RO         3447    i.USBD_CDC_DataOut  usbd_cdc.o
    0x080023f6   0x0000003a   Code   RO         3448    i.USBD_CDC_DeInit   usbd_cdc.o
    0x08002430   0x00000024   Code   RO         3449    i.USBD_CDC_EP0_RxReady  usbd_cdc.o
    0x08002454   0x0000000c   Code   RO         3450    i.USBD_CDC_GetDeviceQualifierDescriptor  usbd_cdc.o
    0x08002460   0x0000000c   Code   RO         3451    i.USBD_CDC_GetFSCfgDesc  usbd_cdc.o
    0x0800246c   0x0000000c   Code   RO         3452    i.USBD_CDC_GetHSCfgDesc  usbd_cdc.o
    0x08002478   0x0000000c   Code   RO         3453    i.USBD_CDC_GetOtherSpeedCfgDesc  usbd_cdc.o
    0x08002484   0x00000088   Code   RO         3454    i.USBD_CDC_Init     usbd_cdc.o
    0x0800250c   0x00000028   Code   RO         3455    i.USBD_CDC_ReceivePacket  usbd_cdc.o
    0x08002534   0x00000010   Code   RO         3456    i.USBD_CDC_RegisterInterface  usbd_cdc.o
    0x08002544   0x0000000c   Code   RO         3457    i.USBD_CDC_SetRxBuffer  usbd_cdc.o
    0x08002550   0x00000010   Code   RO         3458    i.USBD_CDC_SetTxBuffer  usbd_cdc.o
    0x08002560   0x0000005c   Code   RO         3459    i.USBD_CDC_Setup    usbd_cdc.o
    0x080025bc   0x0000002e   Code   RO         3460    i.USBD_CDC_TransmitPacket  usbd_cdc.o
    0x080025ea   0x0000000e   Code   RO         3195    i.USBD_ClrClassConfig  usbd_core.o
    0x080025f8   0x00000010   Code   RO         3390    i.USBD_CtlContinueRx  usbd_ioreq.o
    0x08002608   0x00000010   Code   RO         3391    i.USBD_CtlContinueSendData  usbd_ioreq.o
    0x08002618   0x00000016   Code   RO         3329    i.USBD_CtlError     usbd_ctlreq.o
    0x0800262e   0x0000001e   Code   RO         3392    i.USBD_CtlPrepareRx  usbd_ioreq.o
    0x0800264c   0x00000016   Code   RO         3393    i.USBD_CtlReceiveStatus  usbd_ioreq.o
    0x08002662   0x0000001a   Code   RO         3394    i.USBD_CtlSendData  usbd_ioreq.o
    0x0800267c   0x00000016   Code   RO         3395    i.USBD_CtlSendStatus  usbd_ioreq.o
    0x08002692   0x00000002   PAD
    0x08002694   0x00000020   Code   RO          530    i.USBD_FS_ConfigStrDescriptor  usbd_desc.o
    0x080026b4   0x0000000c   Code   RO          531    i.USBD_FS_DeviceDescriptor  usbd_desc.o
    0x080026c0   0x00000024   Code   RO          532    i.USBD_FS_InterfaceStrDescriptor  usbd_desc.o
    0x080026e4   0x0000000c   Code   RO          533    i.USBD_FS_LangIDStrDescriptor  usbd_desc.o
    0x080026f0   0x00000028   Code   RO          534    i.USBD_FS_ManufacturerStrDescriptor  usbd_desc.o
    0x08002718   0x0000002c   Code   RO          535    i.USBD_FS_ProductStrDescriptor  usbd_desc.o
    0x08002744   0x00000024   Code   RO          536    i.USBD_FS_SerialStrDescriptor  usbd_desc.o
    0x08002768   0x000000e2   Code   RO         3330    i.USBD_GetDescriptor  usbd_ctlreq.o
    0x0800284a   0x00000046   Code   RO         3331    i.USBD_GetString    usbd_ctlreq.o
    0x08002890   0x0000002a   Code   RO         3197    i.USBD_Init         usbd_core.o
    0x080028ba   0x0000000e   Code   RO          358    i.USBD_LL_ClearStallEP  usbd_conf.o
    0x080028c8   0x0000000e   Code   RO          359    i.USBD_LL_CloseEP   usbd_conf.o
    0x080028d6   0x000000a0   Code   RO         3198    i.USBD_LL_DataInStage  usbd_core.o
    0x08002976   0x0000006a   Code   RO         3199    i.USBD_LL_DataOutStage  usbd_core.o
    0x080029e0   0x00000004   Code   RO         3200    i.USBD_LL_DevConnected  usbd_core.o
    0x080029e4   0x00000016   Code   RO         3201    i.USBD_LL_DevDisconnected  usbd_core.o
    0x080029fa   0x00000008   Code   RO          363    i.USBD_LL_GetRxDataSize  usbd_conf.o
    0x08002a02   0x00000002   PAD
    0x08002a04   0x0000005c   Code   RO          364    i.USBD_LL_Init      usbd_conf.o
    0x08002a60   0x00000020   Code   RO          365    i.USBD_LL_IsStallEP  usbd_conf.o
    0x08002a80   0x00000004   Code   RO         3202    i.USBD_LL_IsoINIncomplete  usbd_core.o
    0x08002a84   0x00000004   Code   RO         3203    i.USBD_LL_IsoOUTIncomplete  usbd_core.o
    0x08002a88   0x00000014   Code   RO          366    i.USBD_LL_OpenEP    usbd_conf.o
    0x08002a9c   0x0000000e   Code   RO          367    i.USBD_LL_PrepareReceive  usbd_conf.o
    0x08002aaa   0x0000003e   Code   RO         3204    i.USBD_LL_Reset     usbd_core.o
    0x08002ae8   0x0000000c   Code   RO         3205    i.USBD_LL_Resume    usbd_core.o
    0x08002af4   0x00000018   Code   RO         3206    i.USBD_LL_SOF       usbd_core.o
    0x08002b0c   0x00000006   Code   RO         3207    i.USBD_LL_SetSpeed  usbd_core.o
    0x08002b12   0x0000000e   Code   RO          368    i.USBD_LL_SetUSBAddress  usbd_conf.o
    0x08002b20   0x0000005a   Code   RO         3208    i.USBD_LL_SetupStage  usbd_core.o
    0x08002b7a   0x0000000e   Code   RO          369    i.USBD_LL_StallEP   usbd_conf.o
    0x08002b88   0x0000000e   Code   RO          370    i.USBD_LL_Start     usbd_conf.o
    0x08002b96   0x00000010   Code   RO         3209    i.USBD_LL_Suspend   usbd_core.o
    0x08002ba6   0x0000000e   Code   RO          372    i.USBD_LL_Transmit  usbd_conf.o
    0x08002bb4   0x00000028   Code   RO         3332    i.USBD_ParseSetupRequest  usbd_ctlreq.o
    0x08002bdc   0x00000010   Code   RO         3210    i.USBD_RegisterClass  usbd_core.o
    0x08002bec   0x00000016   Code   RO         3212    i.USBD_SetClassConfig  usbd_core.o
    0x08002c02   0x00000002   PAD
    0x08002c04   0x00000074   Code   RO         3333    i.USBD_SetConfig    usbd_ctlreq.o
    0x08002c78   0x0000000a   Code   RO         3213    i.USBD_Start        usbd_core.o
    0x08002c82   0x00000102   Code   RO         3334    i.USBD_StdDevReq    usbd_ctlreq.o
    0x08002d84   0x000000c2   Code   RO         3335    i.USBD_StdEPReq     usbd_ctlreq.o
    0x08002e46   0x00000034   Code   RO         3336    i.USBD_StdItfReq    usbd_ctlreq.o
    0x08002e7a   0x00000002   PAD
    0x08002e7c   0x00000084   Code   RO         2682    i.USB_ActivateEndpoint  stm32f4xx_ll_usb.o
    0x08002f00   0x00000036   Code   RO         2683    i.USB_ActivateSetup  stm32f4xx_ll_usb.o
    0x08002f36   0x00000002   PAD
    0x08002f38   0x0000006c   Code   RO         2685    i.USB_CoreInit      stm32f4xx_ll_usb.o
    0x08002fa4   0x00000038   Code   RO         2686    i.USB_CoreReset     stm32f4xx_ll_usb.o
    0x08002fdc   0x0000006e   Code   RO         2688    i.USB_DeactivateEndpoint  stm32f4xx_ll_usb.o
    0x0800304a   0x0000001a   Code   RO         2689    i.USB_DevConnect    stm32f4xx_ll_usb.o
    0x08003064   0x0000001a   Code   RO         2690    i.USB_DevDisconnect  stm32f4xx_ll_usb.o
    0x0800307e   0x00000002   PAD
    0x08003080   0x00000148   Code   RO         2691    i.USB_DevInit       stm32f4xx_ll_usb.o
    0x080031c8   0x0000000c   Code   RO         2692    i.USB_DisableGlobalInt  stm32f4xx_ll_usb.o
    0x080031d4   0x00000148   Code   RO         2695    i.USB_EP0StartXfer  stm32f4xx_ll_usb.o
    0x0800331c   0x00000038   Code   RO         2696    i.USB_EP0_OutStart  stm32f4xx_ll_usb.o
    0x08003354   0x00000066   Code   RO         2697    i.USB_EPClearStall  stm32f4xx_ll_usb.o
    0x080033ba   0x00000002   PAD
    0x080033bc   0x00000064   Code   RO         2698    i.USB_EPSetStall    stm32f4xx_ll_usb.o
    0x08003420   0x00000234   Code   RO         2699    i.USB_EPStartXfer   stm32f4xx_ll_usb.o
    0x08003654   0x0000000c   Code   RO         2700    i.USB_EnableGlobalInt  stm32f4xx_ll_usb.o
    0x08003660   0x00000020   Code   RO         2701    i.USB_FlushRxFifo   stm32f4xx_ll_usb.o
    0x08003680   0x00000024   Code   RO         2702    i.USB_FlushTxFifo   stm32f4xx_ll_usb.o
    0x080036a4   0x0000003c   Code   RO         2704    i.USB_GetDevSpeed   stm32f4xx_ll_usb.o
    0x080036e0   0x00000008   Code   RO         2706    i.USB_GetMode       stm32f4xx_ll_usb.o
    0x080036e8   0x0000000e   Code   RO         2713    i.USB_ReadDevAllInEpInterrupt  stm32f4xx_ll_usb.o
    0x080036f6   0x0000000e   Code   RO         2714    i.USB_ReadDevAllOutEpInterrupt  stm32f4xx_ll_usb.o
    0x08003704   0x0000001e   Code   RO         2715    i.USB_ReadDevInEPInterrupt  stm32f4xx_ll_usb.o
    0x08003722   0x00000010   Code   RO         2716    i.USB_ReadDevOutEPInterrupt  stm32f4xx_ll_usb.o
    0x08003732   0x00000008   Code   RO         2717    i.USB_ReadInterrupts  stm32f4xx_ll_usb.o
    0x0800373a   0x00000020   Code   RO         2718    i.USB_ReadPacket    stm32f4xx_ll_usb.o
    0x0800375a   0x0000002c   Code   RO         2720    i.USB_SetCurrentMode  stm32f4xx_ll_usb.o
    0x08003786   0x00000020   Code   RO         2721    i.USB_SetDevAddress  stm32f4xx_ll_usb.o
    0x080037a6   0x00000010   Code   RO         2722    i.USB_SetDevSpeed   stm32f4xx_ll_usb.o
    0x080037b6   0x00000002   PAD
    0x080037b8   0x00000028   Code   RO         2725    i.USB_WritePacket   stm32f4xx_ll_usb.o
    0x080037e0   0x0000000e   Code   RO         3802    i.__scatterload_copy  mc_w.l(handlers.o)
    0x080037ee   0x00000002   Code   RO         3803    i.__scatterload_null  mc_w.l(handlers.o)
    0x080037f0   0x0000000e   Code   RO         3804    i.__scatterload_zeroinit  mc_w.l(handlers.o)
    0x080037fe   0x00000002   PAD
    0x08003800   0x00000050   Code   RO         3754    i.free              mc_w.l(malloc.o)
    0x08003850   0x00000050   Code   RO          123    i.main              main.o
    0x080038a0   0x0000006c   Code   RO         3755    i.malloc            mc_w.l(malloc.o)
    0x0800390c   0x00000010   Data   RO         1717    .constdata          stm32f4xx_hal_rcc.o
    0x0800391c   0x00000020   Data   RO         3800    Region$$Table       anon$$obj.o


    Execution Region RW_IRAM1 (Base: 0x20000000, Size: 0x000012c8, Max: 0x00020000, ABSOLUTE, COMPRESSED[0x000000ec])

    Base Addr    Size         Type   Attr      Idx    E Section Name        Object

    0x20000000   0x00000008   Data   RW          124    .data               main.o
    0x20000008   0x0000001c   Data   RW          538    .data               usbd_desc.o
    0x20000024   0x00000016   Data   RW          539    .data               usbd_desc.o
    0x2000003a   0x00000002   PAD
    0x2000003c   0x00000010   Data   RW          618    .data               usbd_cdc_if.o
    0x2000004c   0x00000004   Data   RW          619    .data               usbd_cdc_if.o
    0x20000050   0x00000014   Data   RW          701    .data               system_stm32f4xx.o
    0x20000064   0x00000004   Data   RW          752    .data               stm32f4xx_hal.o
    0x20000068   0x00000001   Data   RW         3337    .data               usbd_ctlreq.o
    0x20000069   0x00000003   PAD
    0x2000006c   0x000000d7   Data   RW         3461    .data               usbd_cdc.o
    0x20000143   0x00000001   PAD
    0x20000144   0x00000038   Data   RW         3462    .data               usbd_cdc.o
    0x2000017c   0x0000002c   Data   RW         3564    .data               lis302dl.o
    0x200001a8   0x0000002c   Data   RW         3643    .data               lis3dsh.o
    0x200001d4   0x00000004   Data   RW         3709    .data               stm32f4_discovery_accelerometer.o
    0x200001d8   0x00000004   Data   RW         3796    .data               mc_w.l(mvars.o)
    0x200001dc   0x00000004   Data   RW         3797    .data               mc_w.l(mvars.o)
    0x200001e0   0x0000003c   Zero   RW          280    .bss                tim.o
    0x2000021c   0x00000224   Zero   RW          316    .bss                usb_device.o
    0x20000440   0x000003b0   Zero   RW          373    .bss                usbd_conf.o
    0x200007f0   0x00000200   Zero   RW          537    .bss                usbd_desc.o
    0x200009f0   0x00000080   Zero   RW          617    .bss                usbd_cdc_if.o
    0x20000a70   0x00000054   Zero   RW          664    .bss                spi.o
    0x20000ac4   0x00000004   PAD
    0x20000ac8   0x00000400   Zero   RW         3547    HEAP                startup_stm32f407xx.o
    0x20000ec8   0x00000400   Zero   RW         3546    STACK               startup_stm32f407xx.o


==============================================================================

Image component sizes


      Code (inc. data)   RO Data    RW Data    ZI Data      Debug   Object Name

       148         16          0          0          0     332723   gpio.o
       462          0          0         44          0      10144   lis302dl.o
       598         22          0         44          0      11079   lis3dsh.o
       412         44          0          8          0      21006   main.o
       116         24          0          0         84       1393   spi.o
        36          8        392          0       2048        896   startup_stm32f407xx.o
       120         24          0          4          0       1990   stm32f4_discovery_accelerometer.o
       138         16          0          4          0       4396   stm32f4xx_hal.o
       230         24          0          0          0      31426   stm32f4xx_hal_cortex.o
       500         58          0          0          0       4669   stm32f4xx_hal_gpio.o
      1942          0          0          0          0       9565   stm32f4xx_hal_pcd.o
        76          0          0          0          0       1640   stm32f4xx_hal_pcd_ex.o
      1448         56         16          0          0       4689   stm32f4xx_hal_rcc.o
       974          0          0          0          0       3101   stm32f4xx_hal_spi.o
       630         44          0          0          0       6307   stm32f4xx_hal_tim.o
        84          0          0          0          0       2278   stm32f4xx_hal_tim_ex.o
        98         12          0          0          0       2398   stm32f4xx_it.o
      2396         52          0          0          0      18556   stm32f4xx_ll_usb.o
        84         18          0         20          0       1281   system_stm32f4xx.o
       104         16          0          0         60       1394   tim.o
        56         18          0          0        548        676   usb_device.o
       566         16          0        271          0      11978   usbd_cdc.o
       120         26          0         20        128       3109   usbd_cdc_if.o
       506         12          0          0        944      12198   usbd_conf.o
       614          0          0          0          0      10910   usbd_core.o
       978         30          0          1          0       6588   usbd_ctlreq.o
       212        116          0         50        512       4687   usbd_desc.o
       132          0          0          0          0       4056   usbd_ioreq.o

    ----------------------------------------------------------------------
     13808        652        440        472       4328     525133   Object Totals
         0          0         32          0          0          0   (incl. Generated)
        28          0          0          6          4          0   (incl. Padding)

    ----------------------------------------------------------------------

      Code (inc. data)   RO Data    RW Data    ZI Data      Debug   Library Member Name

        92          0          0          0          0          0   __dczerorl2.o
         0          0          0          0          0          0   entry.o
         0          0          0          0          0          0   entry10a.o
         0          0          0          0          0          0   entry11a.o
         8          4          0          0          0          0   entry2.o
         4          0          0          0          0          0   entry5.o
         0          0          0          0          0          0   entry7b.o
         0          0          0          0          0          0   entry8b.o
         8          4          0          0          0          0   entry9a.o
        30          0          0          0          0          0   handlers.o
        36          8          0          0          0         68   init.o
       188         20          0          0          0        160   malloc.o
        36          0          0          0          0         68   memcpya.o
         0          0          0          8          0          0   mvars.o

    ----------------------------------------------------------------------
       404         36          0          8          0        296   Library Totals
         2          0          0          0          0          0   (incl. Padding)

    ----------------------------------------------------------------------

      Code (inc. data)   RO Data    RW Data    ZI Data      Debug   Library Name

       402         36          0          8          0        296   mc_w.l

    ----------------------------------------------------------------------
       404         36          0          8          0        296   Library Totals

    ----------------------------------------------------------------------

==============================================================================


      Code (inc. data)   RO Data    RW Data    ZI Data      Debug   

     14212        688        440        480       4328     506425   Grand Totals
     14212        688        440        236       4328     506425   ELF Image Totals (compressed)
     14212        688        440        236          0          0   ROM Totals

==============================================================================

    Total RO  Size (Code + RO Data)                14652 (  14.31kB)
    Total RW  Size (RW Data + ZI Data)              4808 (   4.70kB)
    Total ROM Size (Code + RO Data + RW Data)      14888 (  14.54kB)

==============================================================================

