<html>
<body>
<pre>
<h1>µVision Build Log</h1>
<h2>Project:</h2>
D:\MyPROG\LSD_SLAM\STM\USB_FirstTest\Projects\MDK-ARM\USB_FirstTest.uvproj
Project File Date:  05/18/2015

<h2>Output:</h2>
Build target 'USB_FirstTest Configuration'
compiling main.c...
compiling tim.c...
linking...
Program Size: Code=11980 RO-data=440 RW-data=388 ZI-data=4324  
"USB_FirstTest Configuration\USB_FirstTest Configuration.axf" - 0 Error(s), 0 Warning(s).
Load "USB_FirstTest Configuration\\USB_FirstTest Configuration.axf" 
Erase Done.
Programming Done.
Verify OK.
Application running ...
c...
compiling stm32f4xx_hal_dma_ex.c...
compiling stm32f4xx_hal_flash.c...
compiling stm32f4xx_hal_flash_ex.c...
compiling stm32f4xx_hal_flash_ramfunc.c...
compiling stm32f4xx_hal_gpio.c...
compiling stm32f4xx_hal_pcd.c...
compiling stm32f4xx_hal_pcd_ex.c...
compiling stm32f4xx_hal_pwr.c...
compiling stm32f4xx_hal_pwr_ex.c...
compiling stm32f4xx_hal_rcc.c...
compiling stm32f4xx_hal_rcc_ex.c...
compiling stm32f4xx_hal_tim.c...
compiling stm32f4xx_hal_tim_ex.c...
compiling stm32f4xx_ll_usb.c...
compiling stm32f4xx_hal_spi.c...
compiling usbd_core.c...
compiling usbd_ctlreq.c...
compiling usbd_ioreq.c...
compiling usbd_cdc.c...
assembling startup_stm32f407xx.s...
linking...
Program Size: Code=11996 RO-data=440 RW-data=388 ZI-data=4324  
"USB_FirstTest Configuration\USB_FirstTest Configuration.axf" - 0 Error(s), 0 Warning(s).
Load "USB_FirstTest Configuration\\USB_FirstTest Configuration.axf" 
Erase Done.
Programming Done.
Verify OK.
Application running ...
Test Configuration.axf" 
Erase Done.
Programming Done.
Verify OK.
Application running ...
